frame 1/696  258 ms/frame
frame 25/696  238 ms/frame
frame 49/696  240 ms/frame
frame 73/696  242 ms/frame
frame 97/696  271 ms/frame
frame 121/696  301 ms/frame
frame 145/696  319 ms/frame
frame 169/696  344 ms/frame
frame 193/696  356 ms/frame
frame 217/696  357 ms/frame
frame 241/696  355 ms/frame
frame 265/696  348 ms/frame
frame 289/696  338 ms/frame
frame 313/696  329 ms/frame
frame 337/696  321 ms/frame
frame 361/696  315 ms/frame
frame 385/696  314 ms/frame
frame 409/696  315 ms/frame
frame 433/696  317 ms/frame
frame 457/696  340 ms/frame
frame 481/696  361 ms/frame
frame 505/696  380 ms/frame
frame 529/696  390 ms/frame
frame 553/696  394 ms/frame
frame 577/696  407 ms/frame
frame 601/696  421 ms/frame
frame 625/696  435 ms/frame
frame 649/696  447 ms/frame
frame 673/696  458 ms/frame
frame 696/696  468 ms/frame
wrote /Users/yar/IdeaProjects/yarmalik.com/videos/voho-12-where-is-my-order-answered-without/assets/painted.mp4
frame 1/186  99 ms/frame
frame 25/186  85 ms/frame
frame 49/186  85 ms/frame
frame 73/186  86 ms/frame
frame 97/186  85 ms/frame
frame 121/186  85 ms/frame
frame 145/186  85 ms/frame
frame 169/186  85 ms/frame
frame 186/186  85 ms/frame
wrote /Users/yar/IdeaProjects/yarmalik.com/videos/voho-12-where-is-my-order-answered-without/assets/pip-talk.mp4
frame 1/186  96 ms/frame
frame 25/186  90 ms/frame
frame 49/186  88 ms/frame
frame 73/186  90 ms/frame
frame 97/186  91 ms/frame
frame 121/186  90 ms/frame
frame 145/186  89 ms/frame
frame 169/186  89 ms/frame
frame 186/186  89 ms/frame
wrote /Users/yar/IdeaProjects/yarmalik.com/videos/voho-12-where-is-my-order-answered-without/assets/pip-listen.mp4
frame 1/186  105 ms/frame
frame 25/186  95 ms/frame
frame 49/186  95 ms/frame
frame 73/186  96 ms/frame
frame 97/186  95 ms/frame
frame 121/186  95 ms/frame
frame 145/186  94 ms/frame
frame 169/186  94 ms/frame
frame 186/186  93 ms/frame
wrote /Users/yar/IdeaProjects/yarmalik.com/videos/voho-12-where-is-my-order-answered-without/assets/pip-work.mp4
frame 1/124  536 ms/frame
frame 25/124  587 ms/frame
frame 49/124  579 ms/frame
frame 73/124  574 ms/frame
frame 97/124  577 ms/frame
frame 121/124  576 ms/frame
frame 124/124  576 ms/frame
wrote /Users/yar/IdeaProjects/yarmalik.com/videos/voho-12-where-is-my-order-answered-without/assets/crew-strip.mp4
wrote assets/painted.mp4 and assets/cover.png
