[2.6s] step_t01
[3.4s] toggle_signup
[4.9s] email_focus
[9.5s] create_account
[19.2s] skip_onboarding
[19.2s] end_t01
[19.2s] step_t02
[27.1s] end_t02
[27.1s] step_t03
[27.8s] create_agent
[29.9s] start_from_scratch
[31.2s] studio_loaded
[34.7s] end_t03
[34.7s] step_t04
[35.4s] name_focus
[38.7s] language_pick
[47.3s] end_t04
[47.3s] step_t05
[55.2s] end_t05
[55.2s] step_t06
[55.9s] instructions_focus
[65.9s] instructions_done
[75.7s] end_t06
[75.7s] step_t07
[83.9s] end_t07
[83.9s] step_t08
[84.6s] greeting_focus
[86.5s] greeting_done
[87.8s] save
[88.6s] saved
[91.9s] end_t08
[101.3s] caller_lines_ready
[102.9s] call_start
[104.7s] call_live
[111.1s] agent_greeted
[111.1s] caller_1_start
[114.7s] caller_1_end
[121.1s] agent_reply_1
[121.6s] caller_2_start
[126.2s] caller_2_end
[135.9s] agent_reply_2
[136.4s] caller_3_start
[139.9s] caller_3_end
[148.1s] agent_reply_3
[148.6s] caller_4_start
[157.3s] caller_4_end
[167.2s] agent_reply_4
[167.7s] caller_5_start
[169.7s] caller_5_end
[174.9s] agent_reply_5
[176.9s] call_end
[179.4s] call_done
[179.4s] step_t10
[180.1s] functions
[189.8s] end_t10
[189.8s] step_t11
[190.5s] knowledge
[200.5s] end_t11
[200.5s] step_t15
[201.2s] test_chat
[203.6s] chat_sent
[209.7s] end_t15
[209.7s] step_t16
[210.4s] public_demo
[212.7s] share_click
[242.7s] skip_t16
[242.8s] end_t16
[242.8s] step_t12
[243.5s] embed
[250.5s] end_t12
[250.5s] step_t13
[251.2s] phone_numbers
[286.3s] skip_t13
[286.4s] end_t13
[286.4s] step_t14
[287.1s] dashboard
[317.1s] skip_t14
[317.2s] end_t14
[318.7s] done
wrote /Users/yar/IdeaProjects/yarmalik.com/videos/voho-12-where-is-my-order-answered-without/capture
exit 0
