 0 agent  102.32→109.50 (7.19s)
 1 caller 111.00→114.73 (3.72s)
 2 agent  116.12→119.15 (3.03s)
 3 caller 121.95→126.08 (4.13s)
 4 agent  128.19→134.29 (6.1s)
 5 caller 136.31→139.91 (3.6s)
 6 agent  141.07→146.95 (5.88s)
 7 caller 148.85→157.21 (8.36s)
 8 agent  159.32→166.00 (6.68s)
 9 caller 167.77→169.60 (1.83s)
10 agent  171.09→176.88 (5.79s)

11 segments, 56.3s of call (was 72.6s)
transcript:
  Layla: حياك الله في متجر الواحة معاك ليلى كيف اقدر اخدمك؟
  You: السلام عليكم طلبت سماعات وما وصلت وين طلبي؟
  Layla: وعليكم السلام ممكن تعطيني رقم الطلب؟
  You: رقم الطلب 4 5 2 1
  Layla: طلبك رقم 4521 طلع مع المندوب اليوم ويوصلك ان شاء الله قبل الساعة 9 بالليل.
  You: ما راح اكون في البيت الليله اقدر اخليه يوصل بكره العصر؟
  Layla: اي اكيد نغير لك لبكره العصر بس ممكن تعطيني اسمك ورقم جوالك للتاكيد؟
  You: اسمي فهد الدوسري وجوالي 0557654321
  Layla: تمام يا فهد تم تغيير موعد التوصيل لبكره العصر والمندوب بيتصل عليك قبلها اي خدمة ثانية؟
  You: مشكوره مع السلامه
  Layla: العفو مع السلامة
