
> render
> npx --yes hyperframes@0.8.58 render


◆  Rendering voho-claims-reel → /Users/yar/IdeaProjects/yarmalik.com/videos/voho-claims-reel/renders/voho-claims-reel_2026-10-04_02-00-32.mp4
   30fps · standard · auto workers (14 cores detected)
   GPU: browser GPU (auto-detect)

[?25l│
◒  Checking browser[1G[J◇  Browser: cache
[?25h
  Lint: 0 error(s), 46 warning(s) — run with --lint-verbose for full output.
  Continuing render despite lint issues. Use --strict to block errors.

  Parallel drawElement capture stays off for this install (a previous render had to fall back). Re-enable with HF_DE_PARALLEL_ROUTER=true.
[INFO] [Render] Pipeline started {"renderJobId":"863417b6-3bfd-4d37-92c8-6ccfdea94c1a","platform":"darwin","arch":"arm64","nodeVersion":"v22.22.3","fps":{"num":30,"den":1},"format":"mp4","quality":"standard","browserGpuMode":"auto","forceScreenshot":false,"protocolTimeout":300000,"browserTimeout":120000,"pageNavigationTimeout":60000,"playerReadyTimeout":45000}
[INFO] [Render:trace] {"renderJobId":"863417b6-3bfd-4d37-92c8-6ccfdea94c1a","phase":"pipeline","status":"checkpoint","elapsedMs":2,"message":"started","format":"mp4","quality":"standard","browserGpuMode":"auto","forceScreenshot":false,"protocolTimeoutMs":300000,"pageNavigationTimeoutMs":60000,"playerReadyTimeoutMs":45000,"requestedWorkers":"auto"}
[INFO] [Render:trace] {"renderJobId":"863417b6-3bfd-4d37-92c8-6ccfdea94c1a","phase":"compile","status":"start","elapsedMs":3,"needsAlpha":false}
  █░░░░░░░░░░░░░░░░░░░░░░░░  5%  Compiling composition
[INFO] [Compiler] Fetched 11 font face(s) for "Inter" from Google Fonts (cached to /Users/yar/.cache/hyperframes/fonts/inter)
[INFO] [Compiler] Fetched 8 font face(s) for "Playfair Display" from Google Fonts (cached to /Users/yar/.cache/hyperframes/fonts/playfair-display)
[INFO] [Compiler] Injected deterministic @font-face rules for 2 requested font families
[INFO] [Compiler] Inlined CDN script: https://cdn.jsdelivr.net/npm/gsap@3.14.2/dist/gsap.min.js
[INFO] [Compiler] Embedded local font file: public/fonts/fraunces-800.woff2 (35 KB → data URI)
[INFO] [Compiler] Embedded local font file: public/fonts/PlexArabic-500.woff2 (35 KB → data URI)
[INFO] [Compiler] Embedded local font file: public/fonts/PlexArabic-700.woff2 (33 KB → data URI)
[INFO] Compiled composition metadata {"renderJobId":"863417b6-3bfd-4d37-92c8-6ccfdea94c1a","entryFile":"index.html","staticDuration":38.121,"width":1080,"height":1920,"videoCount":5,"audioCount":30,"renderModeHints":{"recommendScreenshot":false,"reasons":[]}}
[WARN] [Compiler] WARNING: Video "call-video" has sparse keyframes (max interval: 8.33s). This causes seek failures and frame freezing. Re-encode with: ffmpeg -i "public/broll/call.mp4" -c:v libx264 -r 30 -g 30 -keyint_min 30 -movflags +faststart -c:a copy output.mp4
[WARN] [Compiler] WARNING: Video "call-video-2" has sparse keyframes (max interval: 8.33s). This causes seek failures and frame freezing. Re-encode with: ffmpeg -i "public/broll/call.mp4" -c:v libx264 -r 30 -g 30 -keyint_min 30 -movflags +faststart -c:a copy output.mp4
[WARN] [Compiler] WARNING: Video "hum-video" has sparse keyframes (max interval: 8.33s). This causes seek failures and frame freezing. Re-encode with: ffmpeg -i "public/broll/pip-talk-loop.mp4" -c:v libx264 -r 30 -g 30 -keyint_min 30 -movflags +faststart -c:a copy output.mp4
[INFO] [Render:trace] {"renderJobId":"863417b6-3bfd-4d37-92c8-6ccfdea94c1a","phase":"compile","status":"end","elapsedMs":1503,"durationMs":1500,"needsAlpha":false}
[INFO] [Render:trace] {"renderJobId":"863417b6-3bfd-4d37-92c8-6ccfdea94c1a","phase":"compile","status":"checkpoint","elapsedMs":1503,"message":"composition metadata resolved","width":1080,"height":1920,"videoCount":5,"audioCount":30,"imageCount":2,"deviceScaleFactor":1,"forceScreenshot":false,"compositionHash":"d011813ce79e8ae3"}
[INFO] [Render:trace] {"renderJobId":"863417b6-3bfd-4d37-92c8-6ccfdea94c1a","phase":"browser_probe","status":"start","elapsedMs":1503,"forceScreenshot":false,"stagePhase":"calibrating"}
[WARN] [Compiler] WARNING: Video "crew-video" has sparse keyframes (max interval: 8.33s). This causes seek failures and frame freezing. Re-encode with: ffmpeg -i "public/broll/crew-strip-loop.mp4" -c:v libx264 -r 30 -g 30 -keyint_min 30 -movflags +faststart -c:a copy output.mp4
[INFO] [Render:trace] {"renderJobId":"863417b6-3bfd-4d37-92c8-6ccfdea94c1a","phase":"browser_probe","status":"end","elapsedMs":1668,"durationMs":164,"forceScreenshot":false,"stagePhase":"calibrating"}
[INFO] [Render:trace] {"renderJobId":"863417b6-3bfd-4d37-92c8-6ccfdea94c1a","phase":"browser_probe","status":"checkpoint","elapsedMs":1668,"message":"duration resolved","durationSeconds":38.121,"totalFrames":1144,"compositionHash":"d011813ce79e8ae3","beginFrameStalled":false}
[INFO] [Render:trace] {"renderJobId":"863417b6-3bfd-4d37-92c8-6ccfdea94c1a","phase":"video_extract","status":"start","elapsedMs":1668,"videoCount":5}
[INFO] Probing video color spaces... {"renderJobId":"863417b6-3bfd-4d37-92c8-6ccfdea94c1a","videoCount":5}
  ██░░░░░░░░░░░░░░░░░░░░░░░  10%  Extracting video frames
[INFO] Extracting frames from video 1/5 {"renderJobId":"863417b6-3bfd-4d37-92c8-6ccfdea94c1a","sourceType":"local"}
[INFO] Extracting frames from video 2/5 {"renderJobId":"863417b6-3bfd-4d37-92c8-6ccfdea94c1a","sourceType":"local"}
[INFO] Extracting frames from video 3/5 {"renderJobId":"863417b6-3bfd-4d37-92c8-6ccfdea94c1a","sourceType":"local"}
[INFO] Extracting frames from video 4/5 {"renderJobId":"863417b6-3bfd-4d37-92c8-6ccfdea94c1a","sourceType":"local"}
[INFO] Extracting frames from video 5/5 {"renderJobId":"863417b6-3bfd-4d37-92c8-6ccfdea94c1a","sourceType":"local"}
[INFO] [Render:trace] {"renderJobId":"863417b6-3bfd-4d37-92c8-6ccfdea94c1a","phase":"video_extract","status":"end","elapsedMs":1915,"durationMs":247,"videoCount":5}
[INFO] [Render:trace] {"renderJobId":"863417b6-3bfd-4d37-92c8-6ccfdea94c1a","phase":"video_extract","status":"checkpoint","elapsedMs":1918,"message":"frames resolved","videoCount":5,"extractedVideoCount":5,"totalFramesExtracted":785,"maxFramesPerVideo":242,"avgFramesPerExtractedVideo":157,"vfrPreflightCount":0,"vfrPreflightMs":0,"cacheHits":5,"cacheMisses":0,"transientRetries":0,"minVideoFrameCoverageRatio":1,"authoredTimedClipCount":78}
[INFO] [Render] No HDR sources detected — rendering SDR {"renderJobId":"863417b6-3bfd-4d37-92c8-6ccfdea94c1a"}
[INFO] [Render:trace] {"renderJobId":"863417b6-3bfd-4d37-92c8-6ccfdea94c1a","phase":"hdr_detection","status":"checkpoint","elapsedMs":1918,"message":"resolved","requestedHdrMode":"auto","effectiveHdr":"sdr","nativeHdrVideoCount":0,"nativeHdrImageCount":0}
[INFO] [Render:trace] {"renderJobId":"863417b6-3bfd-4d37-92c8-6ccfdea94c1a","phase":"audio_process","status":"start","elapsedMs":1918,"audioCount":30}
  █████░░░░░░░░░░░░░░░░░░░░  20%  Processing audio tracks
[INFO] [Render:trace] {"renderJobId":"863417b6-3bfd-4d37-92c8-6ccfdea94c1a","phase":"audio_process","status":"end","elapsedMs":2884,"durationMs":966,"audioCount":30}
[INFO] [Render:trace] {"renderJobId":"863417b6-3bfd-4d37-92c8-6ccfdea94c1a","phase":"file_server","status":"start","elapsedMs":2884,"reused":false}
  ██████░░░░░░░░░░░░░░░░░░░  25%  Starting frame capture
[INFO] [Render:trace] {"renderJobId":"863417b6-3bfd-4d37-92c8-6ccfdea94c1a","phase":"file_server","status":"end","elapsedMs":2888,"durationMs":4}
[hyperframes] browserGpuMode probe → hardware (WebGL renderer vendor="Google Inc. (Apple)" renderer="ANGLE (Apple, ANGLE Metal Renderer: Apple M4 Pro, Unspecified Version)")
[INFO] [Render:trace] {"renderJobId":"863417b6-3bfd-4d37-92c8-6ccfdea94c1a","phase":"capture_calibration","status":"checkpoint","elapsedMs":3223,"message":"skipped","requestedWorkers":"auto","totalFrames":1144,"htmlInCanvasDetected":false,"lowMemoryMode":false,"deInversionEligible":true,"deParallelRouterEligible":false}
[WARN] [Render] 5 capture workers may exceed this process's V8 heap (limit 4144MB supports ~4). If the render dies with "JavaScript heap out of memory", raise the heap (NODE_OPTIONS=--max-old-space-size=8192) or pass --workers 4. {"renderJobId":"863417b6-3bfd-4d37-92c8-6ccfdea94c1a","heapLimitMb":4144,"heapBasedWorkers":4}
[INFO] [Render] Fast capture: single-worker drawElement streaming preferred over 5-worker screenshot capture (1144 frames >= 900; verified path, measured faster at every worker count). Set HF_DE_SINGLE_MIN_FRAMES=0 or --workers N to override. {"renderJobId":"863417b6-3bfd-4d37-92c8-6ccfdea94c1a"}
[INFO] [Render:trace] {"renderJobId":"863417b6-3bfd-4d37-92c8-6ccfdea94c1a","phase":"worker_resolution","status":"checkpoint","elapsedMs":3224,"message":"resolved","workerCount":1}
[INFO] streaming-encode gate {"renderJobId":"863417b6-3bfd-4d37-92c8-6ccfdea94c1a","enabled":true,"reason":"single_worker","configFlag":true,"durationCapEnabled":false,"outputFormat":"mp4","workerCount":1,"durationSeconds":38.121,"maxDurationSeconds":240}
[INFO] [Render:trace] {"renderJobId":"863417b6-3bfd-4d37-92c8-6ccfdea94c1a","phase":"capture_strategy","status":"checkpoint","elapsedMs":3224,"message":"resolved","workerCount":1,"forceScreenshot":false,"captureBeyondViewport":true,"useStreamingEncode":true,"useLayeredComposite":false,"usePageSideCompositing":false,"hasHdrContent":false,"hasShaderTransitions":false,"isPngSequence":false}
[INFO] [Render:trace] {"renderJobId":"863417b6-3bfd-4d37-92c8-6ccfdea94c1a","phase":"capture_streaming","status":"start","elapsedMs":3224,"stagePhase":"capturing","workerCount":1,"forceScreenshot":false,"totalFrames":1144,"framesCompleted":0,"captureMode":"drawelement","captureOperation":"drawElement"}
[BrowserManager] Browser launched (HeadlessChrome/152.0.7977.30, screenshot, gl=--use-gl=angle --use-angle=metal, headlessShell=true, platform=darwin)
[initSession:screenshot] page.goto start (0ms)
[HyperFrames] render runtime fps [object Object]
[initSession:screenshot] page.goto complete (315ms)
[initSession:screenshot] GSAP proxy flush complete (374ms)
[initSession:screenshot] pollHfReady complete (391ms)
[initSession:screenshot] pollSubCompositionTimelines complete (ready) (394ms)
[initSession:screenshot] applyVideoMetadataHints complete (395ms)
[initSession:screenshot] media + fonts + tailwind ready (412ms)
[initSession:screenshot] captureBeyondViewport downgraded: page content fits the capture viewport (431ms)
[engine] fast capture: falling back to screenshot capture — filter:drop-shadow detected (drawElementImage cannot reproduce it; see fast-capture-limitations.md)
[initSession:screenshot] static-frame dedup: disabled (before-capture hook / video injection active) (457ms)
  ██████░░░░░░░░░░░░░░░░░░░  25%  Streaming frame 1/1144
  ██████░░░░░░░░░░░░░░░░░░░  25%  Streaming frame 2/1144
  ██████░░░░░░░░░░░░░░░░░░░  25%  Streaming frame 3/1144
  ██████░░░░░░░░░░░░░░░░░░░  25%  Streaming frame 4/1144
  ██████░░░░░░░░░░░░░░░░░░░  25%  Streaming frame 5/1144
  ██████░░░░░░░░░░░░░░░░░░░  25%  Streaming frame 6/1144
  ██████░░░░░░░░░░░░░░░░░░░  25%  Streaming frame 7/1144
  ██████░░░░░░░░░░░░░░░░░░░  25%  Streaming frame 8/1144
  ██████░░░░░░░░░░░░░░░░░░░  25%  Streaming frame 9/1144
  ██████░░░░░░░░░░░░░░░░░░░  25%  Streaming frame 10/1144
  ██████░░░░░░░░░░░░░░░░░░░  26%  Streaming frame 11/1144
  ██████░░░░░░░░░░░░░░░░░░░  26%  Streaming frame 12/1144
  ██████░░░░░░░░░░░░░░░░░░░  26%  Streaming frame 13/1144
  ██████░░░░░░░░░░░░░░░░░░░  26%  Streaming frame 14/1144
  ██████░░░░░░░░░░░░░░░░░░░  26%  Streaming frame 15/1144
  ██████░░░░░░░░░░░░░░░░░░░  26%  Streaming frame 16/1144
  ██████░░░░░░░░░░░░░░░░░░░  26%  Streaming frame 17/1144
  ██████░░░░░░░░░░░░░░░░░░░  26%  Streaming frame 18/1144
  ██████░░░░░░░░░░░░░░░░░░░  26%  Streaming frame 19/1144
  ██████░░░░░░░░░░░░░░░░░░░  26%  Streaming frame 20/1144
  ██████░░░░░░░░░░░░░░░░░░░  26%  Streaming frame 21/1144
  ██████░░░░░░░░░░░░░░░░░░░  26%  Streaming frame 22/1144
  ██████░░░░░░░░░░░░░░░░░░░  26%  Streaming frame 23/1144
  ██████░░░░░░░░░░░░░░░░░░░  26%  Streaming frame 24/1144
  ██████░░░░░░░░░░░░░░░░░░░  26%  Streaming frame 25/1144
  ██████░░░░░░░░░░░░░░░░░░░  26%  Streaming frame 26/1144
  ██████░░░░░░░░░░░░░░░░░░░  26%  Streaming frame 27/1144
  ██████░░░░░░░░░░░░░░░░░░░  26%  Streaming frame 28/1144
  ██████░░░░░░░░░░░░░░░░░░░  26%  Streaming frame 29/1144
  ██████░░░░░░░░░░░░░░░░░░░  26%  Streaming frame 30/1144
  ██████░░░░░░░░░░░░░░░░░░░  26%  Streaming frame 31/1144
  ██████░░░░░░░░░░░░░░░░░░░  27%  Streaming frame 32/1144
  ██████░░░░░░░░░░░░░░░░░░░  27%  Streaming frame 33/1144
  ██████░░░░░░░░░░░░░░░░░░░  27%  Streaming frame 34/1144
  ██████░░░░░░░░░░░░░░░░░░░  27%  Streaming frame 35/1144
  ██████░░░░░░░░░░░░░░░░░░░  27%  Streaming frame 36/1144
  ██████░░░░░░░░░░░░░░░░░░░  27%  Streaming frame 37/1144
  ██████░░░░░░░░░░░░░░░░░░░  27%  Streaming frame 38/1144
  ██████░░░░░░░░░░░░░░░░░░░  27%  Streaming frame 39/1144
  ██████░░░░░░░░░░░░░░░░░░░  27%  Streaming frame 40/1144
  ██████░░░░░░░░░░░░░░░░░░░  27%  Streaming frame 41/1144
  ██████░░░░░░░░░░░░░░░░░░░  27%  Streaming frame 42/1144
  ██████░░░░░░░░░░░░░░░░░░░  27%  Streaming frame 43/1144
  ██████░░░░░░░░░░░░░░░░░░░  27%  Streaming frame 44/1144
  ██████░░░░░░░░░░░░░░░░░░░  27%  Streaming frame 45/1144
  ██████░░░░░░░░░░░░░░░░░░░  27%  Streaming frame 46/1144
  ██████░░░░░░░░░░░░░░░░░░░  27%  Streaming frame 47/1144
  ██████░░░░░░░░░░░░░░░░░░░  27%  Streaming frame 48/1144
  ██████░░░░░░░░░░░░░░░░░░░  27%  Streaming frame 49/1144
  ██████░░░░░░░░░░░░░░░░░░░  27%  Streaming frame 50/1144
  ██████░░░░░░░░░░░░░░░░░░░  27%  Streaming frame 51/1144
  ███████░░░░░░░░░░░░░░░░░░  28%  Streaming frame 52/1144
  ███████░░░░░░░░░░░░░░░░░░  28%  Streaming frame 53/1144
  ███████░░░░░░░░░░░░░░░░░░  28%  Streaming frame 54/1144
  ███████░░░░░░░░░░░░░░░░░░  28%  Streaming frame 55/1144
  ███████░░░░░░░░░░░░░░░░░░  28%  Streaming frame 56/1144
  ███████░░░░░░░░░░░░░░░░░░  28%  Streaming frame 57/1144
  ███████░░░░░░░░░░░░░░░░░░  28%  Streaming frame 58/1144
  ███████░░░░░░░░░░░░░░░░░░  28%  Streaming frame 59/1144
  ███████░░░░░░░░░░░░░░░░░░  28%  Streaming frame 60/1144
  ███████░░░░░░░░░░░░░░░░░░  28%  Streaming frame 61/1144
  ███████░░░░░░░░░░░░░░░░░░  28%  Streaming frame 62/1144
  ███████░░░░░░░░░░░░░░░░░░  28%  Streaming frame 63/1144
  ███████░░░░░░░░░░░░░░░░░░  28%  Streaming frame 64/1144
  ███████░░░░░░░░░░░░░░░░░░  28%  Streaming frame 65/1144
  ███████░░░░░░░░░░░░░░░░░░  28%  Streaming frame 66/1144
  ███████░░░░░░░░░░░░░░░░░░  28%  Streaming frame 67/1144
  ███████░░░░░░░░░░░░░░░░░░  28%  Streaming frame 68/1144
  ███████░░░░░░░░░░░░░░░░░░  28%  Streaming frame 69/1144
  ███████░░░░░░░░░░░░░░░░░░  28%  Streaming frame 70/1144
  ███████░░░░░░░░░░░░░░░░░░  28%  Streaming frame 71/1144
  ███████░░░░░░░░░░░░░░░░░░  28%  Streaming frame 72/1144
  ███████░░░░░░░░░░░░░░░░░░  29%  Streaming frame 73/1144
  ███████░░░░░░░░░░░░░░░░░░  29%  Streaming frame 74/1144
  ███████░░░░░░░░░░░░░░░░░░  29%  Streaming frame 75/1144
  ███████░░░░░░░░░░░░░░░░░░  29%  Streaming frame 76/1144
  ███████░░░░░░░░░░░░░░░░░░  29%  Streaming frame 77/1144
  ███████░░░░░░░░░░░░░░░░░░  29%  Streaming frame 78/1144
  ███████░░░░░░░░░░░░░░░░░░  29%  Streaming frame 79/1144
  ███████░░░░░░░░░░░░░░░░░░  29%  Streaming frame 80/1144
  ███████░░░░░░░░░░░░░░░░░░  29%  Streaming frame 81/1144
  ███████░░░░░░░░░░░░░░░░░░  29%  Streaming frame 82/1144
  ███████░░░░░░░░░░░░░░░░░░  29%  Streaming frame 83/1144
  ███████░░░░░░░░░░░░░░░░░░  29%  Streaming frame 84/1144
  ███████░░░░░░░░░░░░░░░░░░  29%  Streaming frame 85/1144
  ███████░░░░░░░░░░░░░░░░░░  29%  Streaming frame 86/1144
  ███████░░░░░░░░░░░░░░░░░░  29%  Streaming frame 87/1144
  ███████░░░░░░░░░░░░░░░░░░  29%  Streaming frame 88/1144
  ███████░░░░░░░░░░░░░░░░░░  29%  Streaming frame 89/1144
  ███████░░░░░░░░░░░░░░░░░░  29%  Streaming frame 90/1144
  ███████░░░░░░░░░░░░░░░░░░  29%  Streaming frame 91/1144
  ███████░░░░░░░░░░░░░░░░░░  29%  Streaming frame 92/1144
  ███████░░░░░░░░░░░░░░░░░░  29%  Streaming frame 93/1144
  ███████░░░░░░░░░░░░░░░░░░  30%  Streaming frame 94/1144
  ███████░░░░░░░░░░░░░░░░░░  30%  Streaming frame 95/1144
  ███████░░░░░░░░░░░░░░░░░░  30%  Streaming frame 96/1144
  ███████░░░░░░░░░░░░░░░░░░  30%  Streaming frame 97/1144
  ███████░░░░░░░░░░░░░░░░░░  30%  Streaming frame 98/1144
  ███████░░░░░░░░░░░░░░░░░░  30%  Streaming frame 99/1144
  ███████░░░░░░░░░░░░░░░░░░  30%  Streaming frame 100/1144
  ███████░░░░░░░░░░░░░░░░░░  30%  Streaming frame 101/1144
  ███████░░░░░░░░░░░░░░░░░░  30%  Streaming frame 102/1144
  ███████░░░░░░░░░░░░░░░░░░  30%  Streaming frame 103/1144
  ███████░░░░░░░░░░░░░░░░░░  30%  Streaming frame 104/1144
  ███████░░░░░░░░░░░░░░░░░░  30%  Streaming frame 105/1144
  ███████░░░░░░░░░░░░░░░░░░  30%  Streaming frame 106/1144
  ███████░░░░░░░░░░░░░░░░░░  30%  Streaming frame 107/1144
  ███████░░░░░░░░░░░░░░░░░░  30%  Streaming frame 108/1144
  ███████░░░░░░░░░░░░░░░░░░  30%  Streaming frame 109/1144
  ███████░░░░░░░░░░░░░░░░░░  30%  Streaming frame 110/1144
  ███████░░░░░░░░░░░░░░░░░░  30%  Streaming frame 111/1144
  ███████░░░░░░░░░░░░░░░░░░  30%  Streaming frame 112/1144
  ███████░░░░░░░░░░░░░░░░░░  30%  Streaming frame 113/1144
  ███████░░░░░░░░░░░░░░░░░░  30%  Streaming frame 114/1144
  ███████░░░░░░░░░░░░░░░░░░  31%  Streaming frame 115/1144
  ███████░░░░░░░░░░░░░░░░░░  31%  Streaming frame 116/1144
  ███████░░░░░░░░░░░░░░░░░░  31%  Streaming frame 117/1144
  ███████░░░░░░░░░░░░░░░░░░  31%  Streaming frame 118/1144
  ███████░░░░░░░░░░░░░░░░░░  31%  Streaming frame 119/1144
  ███████░░░░░░░░░░░░░░░░░░  31%  Streaming frame 120/1144
  ███████░░░░░░░░░░░░░░░░░░  31%  Streaming frame 121/1144
  ███████░░░░░░░░░░░░░░░░░░  31%  Streaming frame 122/1144
  ███████░░░░░░░░░░░░░░░░░░  31%  Streaming frame 123/1144
  ███████░░░░░░░░░░░░░░░░░░  31%  Streaming frame 124/1144
  ███████░░░░░░░░░░░░░░░░░░  31%  Streaming frame 125/1144
  ███████░░░░░░░░░░░░░░░░░░  31%  Streaming frame 126/1144
  ███████░░░░░░░░░░░░░░░░░░  31%  Streaming frame 127/1144
  ███████░░░░░░░░░░░░░░░░░░  31%  Streaming frame 128/1144
  ███████░░░░░░░░░░░░░░░░░░  31%  Streaming frame 129/1144
  ███████░░░░░░░░░░░░░░░░░░  31%  Streaming frame 130/1144
  ███████░░░░░░░░░░░░░░░░░░  31%  Streaming frame 131/1144
  ███████░░░░░░░░░░░░░░░░░░  31%  Streaming frame 132/1144
  ███████░░░░░░░░░░░░░░░░░░  31%  Streaming frame 133/1144
  ███████░░░░░░░░░░░░░░░░░░  31%  Streaming frame 134/1144
  ███████░░░░░░░░░░░░░░░░░░  31%  Streaming frame 135/1144
  ████████░░░░░░░░░░░░░░░░░  32%  Streaming frame 136/1144
  ████████░░░░░░░░░░░░░░░░░  32%  Streaming frame 137/1144
  ████████░░░░░░░░░░░░░░░░░  32%  Streaming frame 138/1144
  ████████░░░░░░░░░░░░░░░░░  32%  Streaming frame 139/1144
  ████████░░░░░░░░░░░░░░░░░  32%  Streaming frame 140/1144
  ████████░░░░░░░░░░░░░░░░░  32%  Streaming frame 141/1144
  ████████░░░░░░░░░░░░░░░░░  32%  Streaming frame 142/1144
  ████████░░░░░░░░░░░░░░░░░  32%  Streaming frame 143/1144
  ████████░░░░░░░░░░░░░░░░░  32%  Streaming frame 144/1144
  ████████░░░░░░░░░░░░░░░░░  32%  Streaming frame 145/1144
  ████████░░░░░░░░░░░░░░░░░  32%  Streaming frame 146/1144
  ████████░░░░░░░░░░░░░░░░░  32%  Streaming frame 147/1144
  ████████░░░░░░░░░░░░░░░░░  32%  Streaming frame 148/1144
  ████████░░░░░░░░░░░░░░░░░  32%  Streaming frame 149/1144
  ████████░░░░░░░░░░░░░░░░░  32%  Streaming frame 150/1144
  ████████░░░░░░░░░░░░░░░░░  32%  Streaming frame 151/1144
  ████████░░░░░░░░░░░░░░░░░  32%  Streaming frame 152/1144
  ████████░░░░░░░░░░░░░░░░░  32%  Streaming frame 153/1144
  ████████░░░░░░░░░░░░░░░░░  32%  Streaming frame 154/1144
  ████████░░░░░░░░░░░░░░░░░  32%  Streaming frame 155/1144
  ████████░░░░░░░░░░░░░░░░░  33%  Streaming frame 156/1144
  ████████░░░░░░░░░░░░░░░░░  33%  Streaming frame 157/1144
  ████████░░░░░░░░░░░░░░░░░  33%  Streaming frame 158/1144
  ████████░░░░░░░░░░░░░░░░░  33%  Streaming frame 159/1144
  ████████░░░░░░░░░░░░░░░░░  33%  Streaming frame 160/1144
  ████████░░░░░░░░░░░░░░░░░  33%  Streaming frame 161/1144
  ████████░░░░░░░░░░░░░░░░░  33%  Streaming frame 162/1144
  ████████░░░░░░░░░░░░░░░░░  33%  Streaming frame 163/1144
  ████████░░░░░░░░░░░░░░░░░  33%  Streaming frame 164/1144
  ████████░░░░░░░░░░░░░░░░░  33%  Streaming frame 165/1144
  ████████░░░░░░░░░░░░░░░░░  33%  Streaming frame 166/1144
  ████████░░░░░░░░░░░░░░░░░  33%  Streaming frame 167/1144
  ████████░░░░░░░░░░░░░░░░░  33%  Streaming frame 168/1144
  ████████░░░░░░░░░░░░░░░░░  33%  Streaming frame 169/1144
  ████████░░░░░░░░░░░░░░░░░  33%  Streaming frame 170/1144
  ████████░░░░░░░░░░░░░░░░░  33%  Streaming frame 171/1144
  ████████░░░░░░░░░░░░░░░░░  33%  Streaming frame 172/1144
  ████████░░░░░░░░░░░░░░░░░  33%  Streaming frame 173/1144
  ████████░░░░░░░░░░░░░░░░░  33%  Streaming frame 174/1144
  ████████░░░░░░░░░░░░░░░░░  33%  Streaming frame 175/1144
  ████████░░░░░░░░░░░░░░░░░  33%  Streaming frame 176/1144
  ████████░░░░░░░░░░░░░░░░░  34%  Streaming frame 177/1144
  ████████░░░░░░░░░░░░░░░░░  34%  Streaming frame 178/1144
  ████████░░░░░░░░░░░░░░░░░  34%  Streaming frame 179/1144
  ████████░░░░░░░░░░░░░░░░░  34%  Streaming frame 180/1144
  ████████░░░░░░░░░░░░░░░░░  34%  Streaming frame 181/1144
  ████████░░░░░░░░░░░░░░░░░  34%  Streaming frame 182/1144
  ████████░░░░░░░░░░░░░░░░░  34%  Streaming frame 183/1144
  ████████░░░░░░░░░░░░░░░░░  34%  Streaming frame 184/1144
  ████████░░░░░░░░░░░░░░░░░  34%  Streaming frame 185/1144
  ████████░░░░░░░░░░░░░░░░░  34%  Streaming frame 186/1144
  ████████░░░░░░░░░░░░░░░░░  34%  Streaming frame 187/1144
  ████████░░░░░░░░░░░░░░░░░  34%  Streaming frame 188/1144
  ████████░░░░░░░░░░░░░░░░░  34%  Streaming frame 189/1144
  ████████░░░░░░░░░░░░░░░░░  34%  Streaming frame 190/1144
  ████████░░░░░░░░░░░░░░░░░  34%  Streaming frame 191/1144
  ████████░░░░░░░░░░░░░░░░░  34%  Streaming frame 192/1144
  ████████░░░░░░░░░░░░░░░░░  34%  Streaming frame 193/1144
  ████████░░░░░░░░░░░░░░░░░  34%  Streaming frame 194/1144
  ████████░░░░░░░░░░░░░░░░░  34%  Streaming frame 195/1144
  ████████░░░░░░░░░░░░░░░░░  34%  Streaming frame 196/1144
  ████████░░░░░░░░░░░░░░░░░  34%  Streaming frame 197/1144
  ████████░░░░░░░░░░░░░░░░░  35%  Streaming frame 198/1144
  ████████░░░░░░░░░░░░░░░░░  35%  Streaming frame 199/1144
  ████████░░░░░░░░░░░░░░░░░  35%  Streaming frame 200/1144
  ████████░░░░░░░░░░░░░░░░░  35%  Streaming frame 201/1144
  ████████░░░░░░░░░░░░░░░░░  35%  Streaming frame 202/1144
  ████████░░░░░░░░░░░░░░░░░  35%  Streaming frame 203/1144
  ████████░░░░░░░░░░░░░░░░░  35%  Streaming frame 204/1144
  ████████░░░░░░░░░░░░░░░░░  35%  Streaming frame 205/1144
  ████████░░░░░░░░░░░░░░░░░  35%  Streaming frame 206/1144
  ████████░░░░░░░░░░░░░░░░░  35%  Streaming frame 207/1144
  ████████░░░░░░░░░░░░░░░░░  35%  Streaming frame 208/1144
  ████████░░░░░░░░░░░░░░░░░  35%  Streaming frame 209/1144
  ████████░░░░░░░░░░░░░░░░░  35%  Streaming frame 210/1144
  ████████░░░░░░░░░░░░░░░░░  35%  Streaming frame 211/1144
  ████████░░░░░░░░░░░░░░░░░  35%  Streaming frame 212/1144
  ████████░░░░░░░░░░░░░░░░░  35%  Streaming frame 213/1144
  ████████░░░░░░░░░░░░░░░░░  35%  Streaming frame 214/1144
  ████████░░░░░░░░░░░░░░░░░  35%  Streaming frame 215/1144
  ████████░░░░░░░░░░░░░░░░░  35%  Streaming frame 216/1144
  ████████░░░░░░░░░░░░░░░░░  35%  Streaming frame 217/1144
  ████████░░░░░░░░░░░░░░░░░  35%  Streaming frame 218/1144
  █████████░░░░░░░░░░░░░░░░  36%  Streaming frame 219/1144
  █████████░░░░░░░░░░░░░░░░  36%  Streaming frame 220/1144
  █████████░░░░░░░░░░░░░░░░  36%  Streaming frame 221/1144
  █████████░░░░░░░░░░░░░░░░  36%  Streaming frame 222/1144
  █████████░░░░░░░░░░░░░░░░  36%  Streaming frame 223/1144
  █████████░░░░░░░░░░░░░░░░  36%  Streaming frame 224/1144
  █████████░░░░░░░░░░░░░░░░  36%  Streaming frame 225/1144
  █████████░░░░░░░░░░░░░░░░  36%  Streaming frame 226/1144
  █████████░░░░░░░░░░░░░░░░  36%  Streaming frame 227/1144
  █████████░░░░░░░░░░░░░░░░  36%  Streaming frame 228/1144
  █████████░░░░░░░░░░░░░░░░  36%  Streaming frame 229/1144
  █████████░░░░░░░░░░░░░░░░  36%  Streaming frame 230/1144
  █████████░░░░░░░░░░░░░░░░  36%  Streaming frame 231/1144
  █████████░░░░░░░░░░░░░░░░  36%  Streaming frame 232/1144
  █████████░░░░░░░░░░░░░░░░  36%  Streaming frame 233/1144
  █████████░░░░░░░░░░░░░░░░  36%  Streaming frame 234/1144
  █████████░░░░░░░░░░░░░░░░  36%  Streaming frame 235/1144
  █████████░░░░░░░░░░░░░░░░  36%  Streaming frame 236/1144
  █████████░░░░░░░░░░░░░░░░  36%  Streaming frame 237/1144
  █████████░░░░░░░░░░░░░░░░  36%  Streaming frame 238/1144
  █████████░░░░░░░░░░░░░░░░  36%  Streaming frame 239/1144
  █████████░░░░░░░░░░░░░░░░  37%  Streaming frame 240/1144
  █████████░░░░░░░░░░░░░░░░  37%  Streaming frame 241/1144
  █████████░░░░░░░░░░░░░░░░  37%  Streaming frame 242/1144
  █████████░░░░░░░░░░░░░░░░  37%  Streaming frame 243/1144
  █████████░░░░░░░░░░░░░░░░  37%  Streaming frame 244/1144
  █████████░░░░░░░░░░░░░░░░  37%  Streaming frame 245/1144
  █████████░░░░░░░░░░░░░░░░  37%  Streaming frame 246/1144
  █████████░░░░░░░░░░░░░░░░  37%  Streaming frame 247/1144
  █████████░░░░░░░░░░░░░░░░  37%  Streaming frame 248/1144
  █████████░░░░░░░░░░░░░░░░  37%  Streaming frame 249/1144
  █████████░░░░░░░░░░░░░░░░  37%  Streaming frame 250/1144
  █████████░░░░░░░░░░░░░░░░  37%  Streaming frame 251/1144
  █████████░░░░░░░░░░░░░░░░  37%  Streaming frame 252/1144
  █████████░░░░░░░░░░░░░░░░  37%  Streaming frame 253/1144
  █████████░░░░░░░░░░░░░░░░  37%  Streaming frame 254/1144
  █████████░░░░░░░░░░░░░░░░  37%  Streaming frame 255/1144
  █████████░░░░░░░░░░░░░░░░  37%  Streaming frame 256/1144
  █████████░░░░░░░░░░░░░░░░  37%  Streaming frame 257/1144
  █████████░░░░░░░░░░░░░░░░  37%  Streaming frame 258/1144
  █████████░░░░░░░░░░░░░░░░  37%  Streaming frame 259/1144
  █████████░░░░░░░░░░░░░░░░  38%  Streaming frame 260/1144
  █████████░░░░░░░░░░░░░░░░  38%  Streaming frame 261/1144
  █████████░░░░░░░░░░░░░░░░  38%  Streaming frame 262/1144
  █████████░░░░░░░░░░░░░░░░  38%  Streaming frame 263/1144
  █████████░░░░░░░░░░░░░░░░  38%  Streaming frame 264/1144
  █████████░░░░░░░░░░░░░░░░  38%  Streaming frame 265/1144
  █████████░░░░░░░░░░░░░░░░  38%  Streaming frame 266/1144
  █████████░░░░░░░░░░░░░░░░  38%  Streaming frame 267/1144
  █████████░░░░░░░░░░░░░░░░  38%  Streaming frame 268/1144
  █████████░░░░░░░░░░░░░░░░  38%  Streaming frame 269/1144
  █████████░░░░░░░░░░░░░░░░  38%  Streaming frame 270/1144
  █████████░░░░░░░░░░░░░░░░  38%  Streaming frame 271/1144
  █████████░░░░░░░░░░░░░░░░  38%  Streaming frame 272/1144
  █████████░░░░░░░░░░░░░░░░  38%  Streaming frame 273/1144
  █████████░░░░░░░░░░░░░░░░  38%  Streaming frame 274/1144
  █████████░░░░░░░░░░░░░░░░  38%  Streaming frame 275/1144
  █████████░░░░░░░░░░░░░░░░  38%  Streaming frame 276/1144
  █████████░░░░░░░░░░░░░░░░  38%  Streaming frame 277/1144
  █████████░░░░░░░░░░░░░░░░  38%  Streaming frame 278/1144
  █████████░░░░░░░░░░░░░░░░  38%  Streaming frame 279/1144
  █████████░░░░░░░░░░░░░░░░  38%  Streaming frame 280/1144
  █████████░░░░░░░░░░░░░░░░  39%  Streaming frame 281/1144
  █████████░░░░░░░░░░░░░░░░  39%  Streaming frame 282/1144
  █████████░░░░░░░░░░░░░░░░  39%  Streaming frame 283/1144
  █████████░░░░░░░░░░░░░░░░  39%  Streaming frame 284/1144
  █████████░░░░░░░░░░░░░░░░  39%  Streaming frame 285/1144
  █████████░░░░░░░░░░░░░░░░  39%  Streaming frame 286/1144
  █████████░░░░░░░░░░░░░░░░  39%  Streaming frame 287/1144
  █████████░░░░░░░░░░░░░░░░  39%  Streaming frame 288/1144
  █████████░░░░░░░░░░░░░░░░  39%  Streaming frame 289/1144
  █████████░░░░░░░░░░░░░░░░  39%  Streaming frame 290/1144
  █████████░░░░░░░░░░░░░░░░  39%  Streaming frame 291/1144
  █████████░░░░░░░░░░░░░░░░  39%  Streaming frame 292/1144
  █████████░░░░░░░░░░░░░░░░  39%  Streaming frame 293/1144
  █████████░░░░░░░░░░░░░░░░  39%  Streaming frame 294/1144
  █████████░░░░░░░░░░░░░░░░  39%  Streaming frame 295/1144
  █████████░░░░░░░░░░░░░░░░  39%  Streaming frame 296/1144
  █████████░░░░░░░░░░░░░░░░  39%  Streaming frame 297/1144
  █████████░░░░░░░░░░░░░░░░  39%  Streaming frame 298/1144
  █████████░░░░░░░░░░░░░░░░  39%  Streaming frame 299/1144
  █████████░░░░░░░░░░░░░░░░  39%  Streaming frame 300/1144
  █████████░░░░░░░░░░░░░░░░  39%  Streaming frame 301/1144
  ██████████░░░░░░░░░░░░░░░  40%  Streaming frame 302/1144
  ██████████░░░░░░░░░░░░░░░  40%  Streaming frame 303/1144
  ██████████░░░░░░░░░░░░░░░  40%  Streaming frame 304/1144
  ██████████░░░░░░░░░░░░░░░  40%  Streaming frame 305/1144
  ██████████░░░░░░░░░░░░░░░  40%  Streaming frame 306/1144
  ██████████░░░░░░░░░░░░░░░  40%  Streaming frame 307/1144
  ██████████░░░░░░░░░░░░░░░  40%  Streaming frame 308/1144
  ██████████░░░░░░░░░░░░░░░  40%  Streaming frame 309/1144
  ██████████░░░░░░░░░░░░░░░  40%  Streaming frame 310/1144
  ██████████░░░░░░░░░░░░░░░  40%  Streaming frame 311/1144
  ██████████░░░░░░░░░░░░░░░  40%  Streaming frame 312/1144
  ██████████░░░░░░░░░░░░░░░  40%  Streaming frame 313/1144
  ██████████░░░░░░░░░░░░░░░  40%  Streaming frame 314/1144
  ██████████░░░░░░░░░░░░░░░  40%  Streaming frame 315/1144
  ██████████░░░░░░░░░░░░░░░  40%  Streaming frame 316/1144
  ██████████░░░░░░░░░░░░░░░  40%  Streaming frame 317/1144
  ██████████░░░░░░░░░░░░░░░  40%  Streaming frame 318/1144
  ██████████░░░░░░░░░░░░░░░  40%  Streaming frame 319/1144
  ██████████░░░░░░░░░░░░░░░  40%  Streaming frame 320/1144
  ██████████░░░░░░░░░░░░░░░  40%  Streaming frame 321/1144
  ██████████░░░░░░░░░░░░░░░  40%  Streaming frame 322/1144
  ██████████░░░░░░░░░░░░░░░  41%  Streaming frame 323/1144
  ██████████░░░░░░░░░░░░░░░  41%  Streaming frame 324/1144
  ██████████░░░░░░░░░░░░░░░  41%  Streaming frame 325/1144
  ██████████░░░░░░░░░░░░░░░  41%  Streaming frame 326/1144
  ██████████░░░░░░░░░░░░░░░  41%  Streaming frame 327/1144
  ██████████░░░░░░░░░░░░░░░  41%  Streaming frame 328/1144
  ██████████░░░░░░░░░░░░░░░  41%  Streaming frame 329/1144
  ██████████░░░░░░░░░░░░░░░  41%  Streaming frame 330/1144
  ██████████░░░░░░░░░░░░░░░  41%  Streaming frame 331/1144
  ██████████░░░░░░░░░░░░░░░  41%  Streaming frame 332/1144
  ██████████░░░░░░░░░░░░░░░  41%  Streaming frame 333/1144
  ██████████░░░░░░░░░░░░░░░  41%  Streaming frame 334/1144
  ██████████░░░░░░░░░░░░░░░  41%  Streaming frame 335/1144
  ██████████░░░░░░░░░░░░░░░  41%  Streaming frame 336/1144
  ██████████░░░░░░░░░░░░░░░  41%  Streaming frame 337/1144
  ██████████░░░░░░░░░░░░░░░  41%  Streaming frame 338/1144
  ██████████░░░░░░░░░░░░░░░  41%  Streaming frame 339/1144
  ██████████░░░░░░░░░░░░░░░  41%  Streaming frame 340/1144
  ██████████░░░░░░░░░░░░░░░  41%  Streaming frame 341/1144
  ██████████░░░░░░░░░░░░░░░  41%  Streaming frame 342/1144
  ██████████░░░░░░░░░░░░░░░  41%  Streaming frame 343/1144
  ██████████░░░░░░░░░░░░░░░  42%  Streaming frame 344/1144
  ██████████░░░░░░░░░░░░░░░  42%  Streaming frame 345/1144
  ██████████░░░░░░░░░░░░░░░  42%  Streaming frame 346/1144
  ██████████░░░░░░░░░░░░░░░  42%  Streaming frame 347/1144
  ██████████░░░░░░░░░░░░░░░  42%  Streaming frame 348/1144
  ██████████░░░░░░░░░░░░░░░  42%  Streaming frame 349/1144
  ██████████░░░░░░░░░░░░░░░  42%  Streaming frame 350/1144
  ██████████░░░░░░░░░░░░░░░  42%  Streaming frame 351/1144
  ██████████░░░░░░░░░░░░░░░  42%  Streaming frame 352/1144
  ██████████░░░░░░░░░░░░░░░  42%  Streaming frame 353/1144
  ██████████░░░░░░░░░░░░░░░  42%  Streaming frame 354/1144
  ██████████░░░░░░░░░░░░░░░  42%  Streaming frame 355/1144
  ██████████░░░░░░░░░░░░░░░  42%  Streaming frame 356/1144
  ██████████░░░░░░░░░░░░░░░  42%  Streaming frame 357/1144
  ██████████░░░░░░░░░░░░░░░  42%  Streaming frame 358/1144
  ██████████░░░░░░░░░░░░░░░  42%  Streaming frame 359/1144
  ██████████░░░░░░░░░░░░░░░  42%  Streaming frame 360/1144
  ██████████░░░░░░░░░░░░░░░  42%  Streaming frame 361/1144
  ██████████░░░░░░░░░░░░░░░  42%  Streaming frame 362/1144
  ██████████░░░░░░░░░░░░░░░  42%  Streaming frame 363/1144
  ██████████░░░░░░░░░░░░░░░  43%  Streaming frame 364/1144
  ██████████░░░░░░░░░░░░░░░  43%  Streaming frame 365/1144
  ██████████░░░░░░░░░░░░░░░  43%  Streaming frame 366/1144
  ██████████░░░░░░░░░░░░░░░  43%  Streaming frame 367/1144
  ██████████░░░░░░░░░░░░░░░  43%  Streaming frame 368/1144
  ██████████░░░░░░░░░░░░░░░  43%  Streaming frame 369/1144
  ██████████░░░░░░░░░░░░░░░  43%  Streaming frame 370/1144
  ██████████░░░░░░░░░░░░░░░  43%  Streaming frame 371/1144
  ██████████░░░░░░░░░░░░░░░  43%  Streaming frame 372/1144
  ██████████░░░░░░░░░░░░░░░  43%  Streaming frame 373/1144
  ██████████░░░░░░░░░░░░░░░  43%  Streaming frame 374/1144
  ██████████░░░░░░░░░░░░░░░  43%  Streaming frame 375/1144
  ██████████░░░░░░░░░░░░░░░  43%  Streaming frame 376/1144
  ██████████░░░░░░░░░░░░░░░  43%  Streaming frame 377/1144
  ██████████░░░░░░░░░░░░░░░  43%  Streaming frame 378/1144
  ██████████░░░░░░░░░░░░░░░  43%  Streaming frame 379/1144
  ██████████░░░░░░░░░░░░░░░  43%  Streaming frame 380/1144
  ██████████░░░░░░░░░░░░░░░  43%  Streaming frame 381/1144
  ██████████░░░░░░░░░░░░░░░  43%  Streaming frame 382/1144
  ██████████░░░░░░░░░░░░░░░  43%  Streaming frame 383/1144
  ██████████░░░░░░░░░░░░░░░  43%  Streaming frame 384/1144
  ███████████░░░░░░░░░░░░░░  44%  Streaming frame 385/1144
  ███████████░░░░░░░░░░░░░░  44%  Streaming frame 386/1144
  ███████████░░░░░░░░░░░░░░  44%  Streaming frame 387/1144
  ███████████░░░░░░░░░░░░░░  44%  Streaming frame 388/1144
  ███████████░░░░░░░░░░░░░░  44%  Streaming frame 389/1144
  ███████████░░░░░░░░░░░░░░  44%  Streaming frame 390/1144
  ███████████░░░░░░░░░░░░░░  44%  Streaming frame 391/1144
  ███████████░░░░░░░░░░░░░░  44%  Streaming frame 392/1144
  ███████████░░░░░░░░░░░░░░  44%  Streaming frame 393/1144
  ███████████░░░░░░░░░░░░░░  44%  Streaming frame 394/1144
  ███████████░░░░░░░░░░░░░░  44%  Streaming frame 395/1144
  ███████████░░░░░░░░░░░░░░  44%  Streaming frame 396/1144
  ███████████░░░░░░░░░░░░░░  44%  Streaming frame 397/1144
  ███████████░░░░░░░░░░░░░░  44%  Streaming frame 398/1144
  ███████████░░░░░░░░░░░░░░  44%  Streaming frame 399/1144
  ███████████░░░░░░░░░░░░░░  44%  Streaming frame 400/1144
  ███████████░░░░░░░░░░░░░░  44%  Streaming frame 401/1144
  ███████████░░░░░░░░░░░░░░  44%  Streaming frame 402/1144
  ███████████░░░░░░░░░░░░░░  44%  Streaming frame 403/1144
  ███████████░░░░░░░░░░░░░░  44%  Streaming frame 404/1144
  ███████████░░░░░░░░░░░░░░  44%  Streaming frame 405/1144
  ███████████░░░░░░░░░░░░░░  45%  Streaming frame 406/1144
  ███████████░░░░░░░░░░░░░░  45%  Streaming frame 407/1144
  ███████████░░░░░░░░░░░░░░  45%  Streaming frame 408/1144
  ███████████░░░░░░░░░░░░░░  45%  Streaming frame 409/1144
  ███████████░░░░░░░░░░░░░░  45%  Streaming frame 410/1144
  ███████████░░░░░░░░░░░░░░  45%  Streaming frame 411/1144
  ███████████░░░░░░░░░░░░░░  45%  Streaming frame 412/1144
  ███████████░░░░░░░░░░░░░░  45%  Streaming frame 413/1144
  ███████████░░░░░░░░░░░░░░  45%  Streaming frame 414/1144
  ███████████░░░░░░░░░░░░░░  45%  Streaming frame 415/1144
  ███████████░░░░░░░░░░░░░░  45%  Streaming frame 416/1144
  ███████████░░░░░░░░░░░░░░  45%  Streaming frame 417/1144
  ███████████░░░░░░░░░░░░░░  45%  Streaming frame 418/1144
  ███████████░░░░░░░░░░░░░░  45%  Streaming frame 419/1144
  ███████████░░░░░░░░░░░░░░  45%  Streaming frame 420/1144
  ███████████░░░░░░░░░░░░░░  45%  Streaming frame 421/1144
  ███████████░░░░░░░░░░░░░░  45%  Streaming frame 422/1144
  ███████████░░░░░░░░░░░░░░  45%  Streaming frame 423/1144
  ███████████░░░░░░░░░░░░░░  45%  Streaming frame 424/1144
  ███████████░░░░░░░░░░░░░░  45%  Streaming frame 425/1144
  ███████████░░░░░░░░░░░░░░  45%  Streaming frame 426/1144
  ███████████░░░░░░░░░░░░░░  46%  Streaming frame 427/1144
  ███████████░░░░░░░░░░░░░░  46%  Streaming frame 428/1144
  ███████████░░░░░░░░░░░░░░  46%  Streaming frame 429/1144
  ███████████░░░░░░░░░░░░░░  46%  Streaming frame 430/1144
  ███████████░░░░░░░░░░░░░░  46%  Streaming frame 431/1144
  ███████████░░░░░░░░░░░░░░  46%  Streaming frame 432/1144
  ███████████░░░░░░░░░░░░░░  46%  Streaming frame 433/1144
  ███████████░░░░░░░░░░░░░░  46%  Streaming frame 434/1144
  ███████████░░░░░░░░░░░░░░  46%  Streaming frame 435/1144
  ███████████░░░░░░░░░░░░░░  46%  Streaming frame 436/1144
  ███████████░░░░░░░░░░░░░░  46%  Streaming frame 437/1144
  ███████████░░░░░░░░░░░░░░  46%  Streaming frame 438/1144
  ███████████░░░░░░░░░░░░░░  46%  Streaming frame 439/1144
  ███████████░░░░░░░░░░░░░░  46%  Streaming frame 440/1144
  ███████████░░░░░░░░░░░░░░  46%  Streaming frame 441/1144
  ███████████░░░░░░░░░░░░░░  46%  Streaming frame 442/1144
  ███████████░░░░░░░░░░░░░░  46%  Streaming frame 443/1144
  ███████████░░░░░░░░░░░░░░  46%  Streaming frame 444/1144
  ███████████░░░░░░░░░░░░░░  46%  Streaming frame 445/1144
  ███████████░░░░░░░░░░░░░░  46%  Streaming frame 446/1144
  ███████████░░░░░░░░░░░░░░  46%  Streaming frame 447/1144
  ███████████░░░░░░░░░░░░░░  47%  Streaming frame 448/1144
  ███████████░░░░░░░░░░░░░░  47%  Streaming frame 449/1144
  ███████████░░░░░░░░░░░░░░  47%  Streaming frame 450/1144
  ███████████░░░░░░░░░░░░░░  47%  Streaming frame 451/1144
  ███████████░░░░░░░░░░░░░░  47%  Streaming frame 452/1144
  ███████████░░░░░░░░░░░░░░  47%  Streaming frame 453/1144
  ███████████░░░░░░░░░░░░░░  47%  Streaming frame 454/1144
  ███████████░░░░░░░░░░░░░░  47%  Streaming frame 455/1144
  ███████████░░░░░░░░░░░░░░  47%  Streaming frame 456/1144
  ███████████░░░░░░░░░░░░░░  47%  Streaming frame 457/1144
  ███████████░░░░░░░░░░░░░░  47%  Streaming frame 458/1144
  ███████████░░░░░░░░░░░░░░  47%  Streaming frame 459/1144
  ███████████░░░░░░░░░░░░░░  47%  Streaming frame 460/1144
  ███████████░░░░░░░░░░░░░░  47%  Streaming frame 461/1144
  ███████████░░░░░░░░░░░░░░  47%  Streaming frame 462/1144
  ███████████░░░░░░░░░░░░░░  47%  Streaming frame 463/1144
  ███████████░░░░░░░░░░░░░░  47%  Streaming frame 464/1144
  ███████████░░░░░░░░░░░░░░  47%  Streaming frame 465/1144
  ███████████░░░░░░░░░░░░░░  47%  Streaming frame 466/1144
  ███████████░░░░░░░░░░░░░░  47%  Streaming frame 467/1144
  ████████████░░░░░░░░░░░░░  48%  Streaming frame 468/1144
  ████████████░░░░░░░░░░░░░  48%  Streaming frame 469/1144
  ████████████░░░░░░░░░░░░░  48%  Streaming frame 470/1144
  ████████████░░░░░░░░░░░░░  48%  Streaming frame 471/1144
  ████████████░░░░░░░░░░░░░  48%  Streaming frame 472/1144
  ████████████░░░░░░░░░░░░░  48%  Streaming frame 473/1144
  ████████████░░░░░░░░░░░░░  48%  Streaming frame 474/1144
  ████████████░░░░░░░░░░░░░  48%  Streaming frame 475/1144
  ████████████░░░░░░░░░░░░░  48%  Streaming frame 476/1144
  ████████████░░░░░░░░░░░░░  48%  Streaming frame 477/1144
  ████████████░░░░░░░░░░░░░  48%  Streaming frame 478/1144
  ████████████░░░░░░░░░░░░░  48%  Streaming frame 479/1144
  ████████████░░░░░░░░░░░░░  48%  Streaming frame 480/1144
  ████████████░░░░░░░░░░░░░  48%  Streaming frame 481/1144
  ████████████░░░░░░░░░░░░░  48%  Streaming frame 482/1144
  ████████████░░░░░░░░░░░░░  48%  Streaming frame 483/1144
  ████████████░░░░░░░░░░░░░  48%  Streaming frame 484/1144
  ████████████░░░░░░░░░░░░░  48%  Streaming frame 485/1144
  ████████████░░░░░░░░░░░░░  48%  Streaming frame 486/1144
  ████████████░░░░░░░░░░░░░  48%  Streaming frame 487/1144
  ████████████░░░░░░░░░░░░░  48%  Streaming frame 488/1144
  ████████████░░░░░░░░░░░░░  49%  Streaming frame 489/1144
  ████████████░░░░░░░░░░░░░  49%  Streaming frame 490/1144
  ████████████░░░░░░░░░░░░░  49%  Streaming frame 491/1144
  ████████████░░░░░░░░░░░░░  49%  Streaming frame 492/1144
  ████████████░░░░░░░░░░░░░  49%  Streaming frame 493/1144
  ████████████░░░░░░░░░░░░░  49%  Streaming frame 494/1144
  ████████████░░░░░░░░░░░░░  49%  Streaming frame 495/1144
  ████████████░░░░░░░░░░░░░  49%  Streaming frame 496/1144
  ████████████░░░░░░░░░░░░░  49%  Streaming frame 497/1144
  ████████████░░░░░░░░░░░░░  49%  Streaming frame 498/1144
  ████████████░░░░░░░░░░░░░  49%  Streaming frame 499/1144
  ████████████░░░░░░░░░░░░░  49%  Streaming frame 500/1144
  ████████████░░░░░░░░░░░░░  49%  Streaming frame 501/1144
  ████████████░░░░░░░░░░░░░  49%  Streaming frame 502/1144
  ████████████░░░░░░░░░░░░░  49%  Streaming frame 503/1144
  ████████████░░░░░░░░░░░░░  49%  Streaming frame 504/1144
  ████████████░░░░░░░░░░░░░  49%  Streaming frame 505/1144
  ████████████░░░░░░░░░░░░░  49%  Streaming frame 506/1144
  ████████████░░░░░░░░░░░░░  49%  Streaming frame 507/1144
  ████████████░░░░░░░░░░░░░  49%  Streaming frame 508/1144
  ████████████░░░░░░░░░░░░░  49%  Streaming frame 509/1144
  ████████████░░░░░░░░░░░░░  50%  Streaming frame 510/1144
  ████████████░░░░░░░░░░░░░  50%  Streaming frame 511/1144
  ████████████░░░░░░░░░░░░░  50%  Streaming frame 512/1144
  ████████████░░░░░░░░░░░░░  50%  Streaming frame 513/1144
  ████████████░░░░░░░░░░░░░  50%  Streaming frame 514/1144
  ████████████░░░░░░░░░░░░░  50%  Streaming frame 515/1144
  ████████████░░░░░░░░░░░░░  50%  Streaming frame 516/1144
  ████████████░░░░░░░░░░░░░  50%  Streaming frame 517/1144
  ████████████░░░░░░░░░░░░░  50%  Streaming frame 518/1144
  ████████████░░░░░░░░░░░░░  50%  Streaming frame 519/1144
  ████████████░░░░░░░░░░░░░  50%  Streaming frame 520/1144
  ████████████░░░░░░░░░░░░░  50%  Streaming frame 521/1144
  ████████████░░░░░░░░░░░░░  50%  Streaming frame 522/1144
  ████████████░░░░░░░░░░░░░  50%  Streaming frame 523/1144
  ████████████░░░░░░░░░░░░░  50%  Streaming frame 524/1144
  ████████████░░░░░░░░░░░░░  50%  Streaming frame 525/1144
  ████████████░░░░░░░░░░░░░  50%  Streaming frame 526/1144
  ████████████░░░░░░░░░░░░░  50%  Streaming frame 527/1144
  ████████████░░░░░░░░░░░░░  50%  Streaming frame 528/1144
  ████████████░░░░░░░░░░░░░  50%  Streaming frame 529/1144
[INFO] [Render:trace] {"renderJobId":"863417b6-3bfd-4d37-92c8-6ccfdea94c1a","phase":"capture_streaming","status":"checkpoint","elapsedMs":33226,"message":"stage still running","stagePhase":"capturing","workerCount":1,"forceScreenshot":false,"totalFrames":1144,"framesCompleted":529,"captureMode":"drawelement","captureOperation":"drawElement","heartbeatIndex":1,"stageElapsedMs":30002}
  ████████████░░░░░░░░░░░░░  50%  Streaming frame 530/1144
  ████████████░░░░░░░░░░░░░  51%  Streaming frame 531/1144
  ████████████░░░░░░░░░░░░░  51%  Streaming frame 532/1144
  ████████████░░░░░░░░░░░░░  51%  Streaming frame 533/1144
  ████████████░░░░░░░░░░░░░  51%  Streaming frame 534/1144
  ████████████░░░░░░░░░░░░░  51%  Streaming frame 535/1144
  ████████████░░░░░░░░░░░░░  51%  Streaming frame 536/1144
  ████████████░░░░░░░░░░░░░  51%  Streaming frame 537/1144
  ████████████░░░░░░░░░░░░░  51%  Streaming frame 538/1144
  ████████████░░░░░░░░░░░░░  51%  Streaming frame 539/1144
  ████████████░░░░░░░░░░░░░  51%  Streaming frame 540/1144
  ████████████░░░░░░░░░░░░░  51%  Streaming frame 541/1144
  ████████████░░░░░░░░░░░░░  51%  Streaming frame 542/1144
  ████████████░░░░░░░░░░░░░  51%  Streaming frame 543/1144
  ████████████░░░░░░░░░░░░░  51%  Streaming frame 544/1144
  ████████████░░░░░░░░░░░░░  51%  Streaming frame 545/1144
  ████████████░░░░░░░░░░░░░  51%  Streaming frame 546/1144
  ████████████░░░░░░░░░░░░░  51%  Streaming frame 547/1144
  ████████████░░░░░░░░░░░░░  51%  Streaming frame 548/1144
  ████████████░░░░░░░░░░░░░  51%  Streaming frame 549/1144
  ████████████░░░░░░░░░░░░░  51%  Streaming frame 550/1144
  ████████████░░░░░░░░░░░░░  51%  Streaming frame 551/1144
  █████████████░░░░░░░░░░░░  52%  Streaming frame 552/1144
  █████████████░░░░░░░░░░░░  52%  Streaming frame 553/1144
  █████████████░░░░░░░░░░░░  52%  Streaming frame 554/1144
  █████████████░░░░░░░░░░░░  52%  Streaming frame 555/1144
  █████████████░░░░░░░░░░░░  52%  Streaming frame 556/1144
  █████████████░░░░░░░░░░░░  52%  Streaming frame 557/1144
  █████████████░░░░░░░░░░░░  52%  Streaming frame 558/1144
  █████████████░░░░░░░░░░░░  52%  Streaming frame 559/1144
  █████████████░░░░░░░░░░░░  52%  Streaming frame 560/1144
  █████████████░░░░░░░░░░░░  52%  Streaming frame 561/1144
  █████████████░░░░░░░░░░░░  52%  Streaming frame 562/1144
  █████████████░░░░░░░░░░░░  52%  Streaming frame 563/1144
  █████████████░░░░░░░░░░░░  52%  Streaming frame 564/1144
  █████████████░░░░░░░░░░░░  52%  Streaming frame 565/1144
  █████████████░░░░░░░░░░░░  52%  Streaming frame 566/1144
  █████████████░░░░░░░░░░░░  52%  Streaming frame 567/1144
  █████████████░░░░░░░░░░░░  52%  Streaming frame 568/1144
  █████████████░░░░░░░░░░░░  52%  Streaming frame 569/1144
  █████████████░░░░░░░░░░░░  52%  Streaming frame 570/1144
  █████████████░░░░░░░░░░░░  52%  Streaming frame 571/1144
  █████████████░░░░░░░░░░░░  53%  Streaming frame 572/1144
  █████████████░░░░░░░░░░░░  53%  Streaming frame 573/1144
  █████████████░░░░░░░░░░░░  53%  Streaming frame 574/1144
  █████████████░░░░░░░░░░░░  53%  Streaming frame 575/1144
  █████████████░░░░░░░░░░░░  53%  Streaming frame 576/1144
  █████████████░░░░░░░░░░░░  53%  Streaming frame 577/1144
  █████████████░░░░░░░░░░░░  53%  Streaming frame 578/1144
  █████████████░░░░░░░░░░░░  53%  Streaming frame 579/1144
  █████████████░░░░░░░░░░░░  53%  Streaming frame 580/1144
  █████████████░░░░░░░░░░░░  53%  Streaming frame 581/1144
  █████████████░░░░░░░░░░░░  53%  Streaming frame 582/1144
  █████████████░░░░░░░░░░░░  53%  Streaming frame 583/1144
  █████████████░░░░░░░░░░░░  53%  Streaming frame 584/1144
  █████████████░░░░░░░░░░░░  53%  Streaming frame 585/1144
  █████████████░░░░░░░░░░░░  53%  Streaming frame 586/1144
  █████████████░░░░░░░░░░░░  53%  Streaming frame 587/1144
  █████████████░░░░░░░░░░░░  53%  Streaming frame 588/1144
  █████████████░░░░░░░░░░░░  53%  Streaming frame 589/1144
  █████████████░░░░░░░░░░░░  53%  Streaming frame 590/1144
  █████████████░░░░░░░░░░░░  53%  Streaming frame 591/1144
  █████████████░░░░░░░░░░░░  53%  Streaming frame 592/1144
  █████████████░░░░░░░░░░░░  54%  Streaming frame 593/1144
  █████████████░░░░░░░░░░░░  54%  Streaming frame 594/1144
  █████████████░░░░░░░░░░░░  54%  Streaming frame 595/1144
  █████████████░░░░░░░░░░░░  54%  Streaming frame 596/1144
  █████████████░░░░░░░░░░░░  54%  Streaming frame 597/1144
  █████████████░░░░░░░░░░░░  54%  Streaming frame 598/1144
  █████████████░░░░░░░░░░░░  54%  Streaming frame 599/1144
  █████████████░░░░░░░░░░░░  54%  Streaming frame 600/1144
  █████████████░░░░░░░░░░░░  54%  Streaming frame 601/1144
  █████████████░░░░░░░░░░░░  54%  Streaming frame 602/1144
  █████████████░░░░░░░░░░░░  54%  Streaming frame 603/1144
  █████████████░░░░░░░░░░░░  54%  Streaming frame 604/1144
  █████████████░░░░░░░░░░░░  54%  Streaming frame 605/1144
  █████████████░░░░░░░░░░░░  54%  Streaming frame 606/1144
  █████████████░░░░░░░░░░░░  54%  Streaming frame 607/1144
  █████████████░░░░░░░░░░░░  54%  Streaming frame 608/1144
  █████████████░░░░░░░░░░░░  54%  Streaming frame 609/1144
  █████████████░░░░░░░░░░░░  54%  Streaming frame 610/1144
  █████████████░░░░░░░░░░░░  54%  Streaming frame 611/1144
  █████████████░░░░░░░░░░░░  54%  Streaming frame 612/1144
  █████████████░░░░░░░░░░░░  54%  Streaming frame 613/1144
  █████████████░░░░░░░░░░░░  55%  Streaming frame 614/1144
  █████████████░░░░░░░░░░░░  55%  Streaming frame 615/1144
  █████████████░░░░░░░░░░░░  55%  Streaming frame 616/1144
  █████████████░░░░░░░░░░░░  55%  Streaming frame 617/1144
  █████████████░░░░░░░░░░░░  55%  Streaming frame 618/1144
  █████████████░░░░░░░░░░░░  55%  Streaming frame 619/1144
  █████████████░░░░░░░░░░░░  55%  Streaming frame 620/1144
  █████████████░░░░░░░░░░░░  55%  Streaming frame 621/1144
  █████████████░░░░░░░░░░░░  55%  Streaming frame 622/1144
  █████████████░░░░░░░░░░░░  55%  Streaming frame 623/1144
  █████████████░░░░░░░░░░░░  55%  Streaming frame 624/1144
  █████████████░░░░░░░░░░░░  55%  Streaming frame 625/1144
  █████████████░░░░░░░░░░░░  55%  Streaming frame 626/1144
  █████████████░░░░░░░░░░░░  55%  Streaming frame 627/1144
  █████████████░░░░░░░░░░░░  55%  Streaming frame 628/1144
  █████████████░░░░░░░░░░░░  55%  Streaming frame 629/1144
  █████████████░░░░░░░░░░░░  55%  Streaming frame 630/1144
  █████████████░░░░░░░░░░░░  55%  Streaming frame 631/1144
  █████████████░░░░░░░░░░░░  55%  Streaming frame 632/1144
  █████████████░░░░░░░░░░░░  55%  Streaming frame 633/1144
  █████████████░░░░░░░░░░░░  55%  Streaming frame 634/1144
  ██████████████░░░░░░░░░░░  56%  Streaming frame 635/1144
  ██████████████░░░░░░░░░░░  56%  Streaming frame 636/1144
  ██████████████░░░░░░░░░░░  56%  Streaming frame 637/1144
  ██████████████░░░░░░░░░░░  56%  Streaming frame 638/1144
  ██████████████░░░░░░░░░░░  56%  Streaming frame 639/1144
  ██████████████░░░░░░░░░░░  56%  Streaming frame 640/1144
  ██████████████░░░░░░░░░░░  56%  Streaming frame 641/1144
  ██████████████░░░░░░░░░░░  56%  Streaming frame 642/1144
  ██████████████░░░░░░░░░░░  56%  Streaming frame 643/1144
  ██████████████░░░░░░░░░░░  56%  Streaming frame 644/1144
  ██████████████░░░░░░░░░░░  56%  Streaming frame 645/1144
  ██████████████░░░░░░░░░░░  56%  Streaming frame 646/1144
  ██████████████░░░░░░░░░░░  56%  Streaming frame 647/1144
  ██████████████░░░░░░░░░░░  56%  Streaming frame 648/1144
  ██████████████░░░░░░░░░░░  56%  Streaming frame 649/1144
  ██████████████░░░░░░░░░░░  56%  Streaming frame 650/1144
  ██████████████░░░░░░░░░░░  56%  Streaming frame 651/1144
  ██████████████░░░░░░░░░░░  56%  Streaming frame 652/1144
  ██████████████░░░░░░░░░░░  56%  Streaming frame 653/1144
  ██████████████░░░░░░░░░░░  56%  Streaming frame 654/1144
  ██████████████░░░░░░░░░░░  56%  Streaming frame 655/1144
  ██████████████░░░░░░░░░░░  57%  Streaming frame 656/1144
  ██████████████░░░░░░░░░░░  57%  Streaming frame 657/1144
  ██████████████░░░░░░░░░░░  57%  Streaming frame 658/1144
  ██████████████░░░░░░░░░░░  57%  Streaming frame 659/1144
  ██████████████░░░░░░░░░░░  57%  Streaming frame 660/1144
  ██████████████░░░░░░░░░░░  57%  Streaming frame 661/1144
  ██████████████░░░░░░░░░░░  57%  Streaming frame 662/1144
  ██████████████░░░░░░░░░░░  57%  Streaming frame 663/1144
  ██████████████░░░░░░░░░░░  57%  Streaming frame 664/1144
  ██████████████░░░░░░░░░░░  57%  Streaming frame 665/1144
  ██████████████░░░░░░░░░░░  57%  Streaming frame 666/1144
  ██████████████░░░░░░░░░░░  57%  Streaming frame 667/1144
  ██████████████░░░░░░░░░░░  57%  Streaming frame 668/1144
  ██████████████░░░░░░░░░░░  57%  Streaming frame 669/1144
  ██████████████░░░░░░░░░░░  57%  Streaming frame 670/1144
  ██████████████░░░░░░░░░░░  57%  Streaming frame 671/1144
  ██████████████░░░░░░░░░░░  57%  Streaming frame 672/1144
  ██████████████░░░░░░░░░░░  57%  Streaming frame 673/1144
  ██████████████░░░░░░░░░░░  57%  Streaming frame 674/1144
  ██████████████░░░░░░░░░░░  57%  Streaming frame 675/1144
  ██████████████░░░░░░░░░░░  58%  Streaming frame 676/1144
  ██████████████░░░░░░░░░░░  58%  Streaming frame 677/1144
  ██████████████░░░░░░░░░░░  58%  Streaming frame 678/1144
  ██████████████░░░░░░░░░░░  58%  Streaming frame 679/1144
  ██████████████░░░░░░░░░░░  58%  Streaming frame 680/1144
  ██████████████░░░░░░░░░░░  58%  Streaming frame 681/1144
  ██████████████░░░░░░░░░░░  58%  Streaming frame 682/1144
  ██████████████░░░░░░░░░░░  58%  Streaming frame 683/1144
  ██████████████░░░░░░░░░░░  58%  Streaming frame 684/1144
  ██████████████░░░░░░░░░░░  58%  Streaming frame 685/1144
  ██████████████░░░░░░░░░░░  58%  Streaming frame 686/1144
  ██████████████░░░░░░░░░░░  58%  Streaming frame 687/1144
  ██████████████░░░░░░░░░░░  58%  Streaming frame 688/1144
  ██████████████░░░░░░░░░░░  58%  Streaming frame 689/1144
  ██████████████░░░░░░░░░░░  58%  Streaming frame 690/1144
  ██████████████░░░░░░░░░░░  58%  Streaming frame 691/1144
  ██████████████░░░░░░░░░░░  58%  Streaming frame 692/1144
  ██████████████░░░░░░░░░░░  58%  Streaming frame 693/1144
  ██████████████░░░░░░░░░░░  58%  Streaming frame 694/1144
  ██████████████░░░░░░░░░░░  58%  Streaming frame 695/1144
  ██████████████░░░░░░░░░░░  58%  Streaming frame 696/1144
  ██████████████░░░░░░░░░░░  59%  Streaming frame 697/1144
  ██████████████░░░░░░░░░░░  59%  Streaming frame 698/1144
  ██████████████░░░░░░░░░░░  59%  Streaming frame 699/1144
  ██████████████░░░░░░░░░░░  59%  Streaming frame 700/1144
  ██████████████░░░░░░░░░░░  59%  Streaming frame 701/1144
  ██████████████░░░░░░░░░░░  59%  Streaming frame 702/1144
  ██████████████░░░░░░░░░░░  59%  Streaming frame 703/1144
  ██████████████░░░░░░░░░░░  59%  Streaming frame 704/1144
  ██████████████░░░░░░░░░░░  59%  Streaming frame 705/1144
  ██████████████░░░░░░░░░░░  59%  Streaming frame 706/1144
  ██████████████░░░░░░░░░░░  59%  Streaming frame 707/1144
  ██████████████░░░░░░░░░░░  59%  Streaming frame 708/1144
  ██████████████░░░░░░░░░░░  59%  Streaming frame 709/1144
  ██████████████░░░░░░░░░░░  59%  Streaming frame 710/1144
  ██████████████░░░░░░░░░░░  59%  Streaming frame 711/1144
  ██████████████░░░░░░░░░░░  59%  Streaming frame 712/1144
  ██████████████░░░░░░░░░░░  59%  Streaming frame 713/1144
  ██████████████░░░░░░░░░░░  59%  Streaming frame 714/1144
  ██████████████░░░░░░░░░░░  59%  Streaming frame 715/1144
  ██████████████░░░░░░░░░░░  59%  Streaming frame 716/1144
  ██████████████░░░░░░░░░░░  59%  Streaming frame 717/1144
  ███████████████░░░░░░░░░░  60%  Streaming frame 718/1144
  ███████████████░░░░░░░░░░  60%  Streaming frame 719/1144
  ███████████████░░░░░░░░░░  60%  Streaming frame 720/1144
  ███████████████░░░░░░░░░░  60%  Streaming frame 721/1144
  ███████████████░░░░░░░░░░  60%  Streaming frame 722/1144
  ███████████████░░░░░░░░░░  60%  Streaming frame 723/1144
  ███████████████░░░░░░░░░░  60%  Streaming frame 724/1144
  ███████████████░░░░░░░░░░  60%  Streaming frame 725/1144
  ███████████████░░░░░░░░░░  60%  Streaming frame 726/1144
  ███████████████░░░░░░░░░░  60%  Streaming frame 727/1144
  ███████████████░░░░░░░░░░  60%  Streaming frame 728/1144
  ███████████████░░░░░░░░░░  60%  Streaming frame 729/1144
  ███████████████░░░░░░░░░░  60%  Streaming frame 730/1144
  ███████████████░░░░░░░░░░  60%  Streaming frame 731/1144
  ███████████████░░░░░░░░░░  60%  Streaming frame 732/1144
  ███████████████░░░░░░░░░░  60%  Streaming frame 733/1144
  ███████████████░░░░░░░░░░  60%  Streaming frame 734/1144
  ███████████████░░░░░░░░░░  60%  Streaming frame 735/1144
  ███████████████░░░░░░░░░░  60%  Streaming frame 736/1144
  ███████████████░░░░░░░░░░  60%  Streaming frame 737/1144
  ███████████████░░░░░░░░░░  60%  Streaming frame 738/1144
  ███████████████░░░░░░░░░░  61%  Streaming frame 739/1144
  ███████████████░░░░░░░░░░  61%  Streaming frame 740/1144
  ███████████████░░░░░░░░░░  61%  Streaming frame 741/1144
  ███████████████░░░░░░░░░░  61%  Streaming frame 742/1144
  ███████████████░░░░░░░░░░  61%  Streaming frame 743/1144
  ███████████████░░░░░░░░░░  61%  Streaming frame 744/1144
  ███████████████░░░░░░░░░░  61%  Streaming frame 745/1144
  ███████████████░░░░░░░░░░  61%  Streaming frame 746/1144
  ███████████████░░░░░░░░░░  61%  Streaming frame 747/1144
  ███████████████░░░░░░░░░░  61%  Streaming frame 748/1144
  ███████████████░░░░░░░░░░  61%  Streaming frame 749/1144
  ███████████████░░░░░░░░░░  61%  Streaming frame 750/1144
  ███████████████░░░░░░░░░░  61%  Streaming frame 751/1144
  ███████████████░░░░░░░░░░  61%  Streaming frame 752/1144
  ███████████████░░░░░░░░░░  61%  Streaming frame 753/1144
  ███████████████░░░░░░░░░░  61%  Streaming frame 754/1144
  ███████████████░░░░░░░░░░  61%  Streaming frame 755/1144
  ███████████████░░░░░░░░░░  61%  Streaming frame 756/1144
  ███████████████░░░░░░░░░░  61%  Streaming frame 757/1144
  ███████████████░░░░░░░░░░  61%  Streaming frame 758/1144
  ███████████████░░░░░░░░░░  61%  Streaming frame 759/1144
  ███████████████░░░░░░░░░░  62%  Streaming frame 760/1144
  ███████████████░░░░░░░░░░  62%  Streaming frame 761/1144
  ███████████████░░░░░░░░░░  62%  Streaming frame 762/1144
  ███████████████░░░░░░░░░░  62%  Streaming frame 763/1144
  ███████████████░░░░░░░░░░  62%  Streaming frame 764/1144
  ███████████████░░░░░░░░░░  62%  Streaming frame 765/1144
  ███████████████░░░░░░░░░░  62%  Streaming frame 766/1144
  ███████████████░░░░░░░░░░  62%  Streaming frame 767/1144
  ███████████████░░░░░░░░░░  62%  Streaming frame 768/1144
  ███████████████░░░░░░░░░░  62%  Streaming frame 769/1144
  ███████████████░░░░░░░░░░  62%  Streaming frame 770/1144
  ███████████████░░░░░░░░░░  62%  Streaming frame 771/1144
  ███████████████░░░░░░░░░░  62%  Streaming frame 772/1144
  ███████████████░░░░░░░░░░  62%  Streaming frame 773/1144
  ███████████████░░░░░░░░░░  62%  Streaming frame 774/1144
  ███████████████░░░░░░░░░░  62%  Streaming frame 775/1144
  ███████████████░░░░░░░░░░  62%  Streaming frame 776/1144
  ███████████████░░░░░░░░░░  62%  Streaming frame 777/1144
  ███████████████░░░░░░░░░░  62%  Streaming frame 778/1144
  ███████████████░░░░░░░░░░  62%  Streaming frame 779/1144
  ███████████████░░░░░░░░░░  63%  Streaming frame 780/1144
  ███████████████░░░░░░░░░░  63%  Streaming frame 781/1144
  ███████████████░░░░░░░░░░  63%  Streaming frame 782/1144
  ███████████████░░░░░░░░░░  63%  Streaming frame 783/1144
  ███████████████░░░░░░░░░░  63%  Streaming frame 784/1144
  ███████████████░░░░░░░░░░  63%  Streaming frame 785/1144
  ███████████████░░░░░░░░░░  63%  Streaming frame 786/1144
  ███████████████░░░░░░░░░░  63%  Streaming frame 787/1144
  ███████████████░░░░░░░░░░  63%  Streaming frame 788/1144
  ███████████████░░░░░░░░░░  63%  Streaming frame 789/1144
  ███████████████░░░░░░░░░░  63%  Streaming frame 790/1144
  ███████████████░░░░░░░░░░  63%  Streaming frame 791/1144
  ███████████████░░░░░░░░░░  63%  Streaming frame 792/1144
  ███████████████░░░░░░░░░░  63%  Streaming frame 793/1144
  ███████████████░░░░░░░░░░  63%  Streaming frame 794/1144
  ███████████████░░░░░░░░░░  63%  Streaming frame 795/1144
  ███████████████░░░░░░░░░░  63%  Streaming frame 796/1144
  ███████████████░░░░░░░░░░  63%  Streaming frame 797/1144
  ███████████████░░░░░░░░░░  63%  Streaming frame 798/1144
  ███████████████░░░░░░░░░░  63%  Streaming frame 799/1144
  ███████████████░░░░░░░░░░  63%  Streaming frame 800/1144
  ████████████████░░░░░░░░░  64%  Streaming frame 801/1144
  ████████████████░░░░░░░░░  64%  Streaming frame 802/1144
  ████████████████░░░░░░░░░  64%  Streaming frame 803/1144
  ████████████████░░░░░░░░░  64%  Streaming frame 804/1144
  ████████████████░░░░░░░░░  64%  Streaming frame 805/1144
  ████████████████░░░░░░░░░  64%  Streaming frame 806/1144
  ████████████████░░░░░░░░░  64%  Streaming frame 807/1144
  ████████████████░░░░░░░░░  64%  Streaming frame 808/1144
  ████████████████░░░░░░░░░  64%  Streaming frame 809/1144
  ████████████████░░░░░░░░░  64%  Streaming frame 810/1144
  ████████████████░░░░░░░░░  64%  Streaming frame 811/1144
  ████████████████░░░░░░░░░  64%  Streaming frame 812/1144
  ████████████████░░░░░░░░░  64%  Streaming frame 813/1144
  ████████████████░░░░░░░░░  64%  Streaming frame 814/1144
  ████████████████░░░░░░░░░  64%  Streaming frame 815/1144
  ████████████████░░░░░░░░░  64%  Streaming frame 816/1144
  ████████████████░░░░░░░░░  64%  Streaming frame 817/1144
  ████████████████░░░░░░░░░  64%  Streaming frame 818/1144
  ████████████████░░░░░░░░░  64%  Streaming frame 819/1144
  ████████████████░░░░░░░░░  64%  Streaming frame 820/1144
  ████████████████░░░░░░░░░  64%  Streaming frame 821/1144
  ████████████████░░░░░░░░░  65%  Streaming frame 822/1144
  ████████████████░░░░░░░░░  65%  Streaming frame 823/1144
  ████████████████░░░░░░░░░  65%  Streaming frame 824/1144
  ████████████████░░░░░░░░░  65%  Streaming frame 825/1144
  ████████████████░░░░░░░░░  65%  Streaming frame 826/1144
  ████████████████░░░░░░░░░  65%  Streaming frame 827/1144
  ████████████████░░░░░░░░░  65%  Streaming frame 828/1144
  ████████████████░░░░░░░░░  65%  Streaming frame 829/1144
  ████████████████░░░░░░░░░  65%  Streaming frame 830/1144
  ████████████████░░░░░░░░░  65%  Streaming frame 831/1144
  ████████████████░░░░░░░░░  65%  Streaming frame 832/1144
  ████████████████░░░░░░░░░  65%  Streaming frame 833/1144
  ████████████████░░░░░░░░░  65%  Streaming frame 834/1144
  ████████████████░░░░░░░░░  65%  Streaming frame 835/1144
  ████████████████░░░░░░░░░  65%  Streaming frame 836/1144
  ████████████████░░░░░░░░░  65%  Streaming frame 837/1144
  ████████████████░░░░░░░░░  65%  Streaming frame 838/1144
  ████████████████░░░░░░░░░  65%  Streaming frame 839/1144
  ████████████████░░░░░░░░░  65%  Streaming frame 840/1144
  ████████████████░░░░░░░░░  65%  Streaming frame 841/1144
  ████████████████░░░░░░░░░  65%  Streaming frame 842/1144
  ████████████████░░░░░░░░░  66%  Streaming frame 843/1144
  ████████████████░░░░░░░░░  66%  Streaming frame 844/1144
  ████████████████░░░░░░░░░  66%  Streaming frame 845/1144
  ████████████████░░░░░░░░░  66%  Streaming frame 846/1144
  ████████████████░░░░░░░░░  66%  Streaming frame 847/1144
  ████████████████░░░░░░░░░  66%  Streaming frame 848/1144
  ████████████████░░░░░░░░░  66%  Streaming frame 849/1144
  ████████████████░░░░░░░░░  66%  Streaming frame 850/1144
  ████████████████░░░░░░░░░  66%  Streaming frame 851/1144
  ████████████████░░░░░░░░░  66%  Streaming frame 852/1144
  ████████████████░░░░░░░░░  66%  Streaming frame 853/1144
  ████████████████░░░░░░░░░  66%  Streaming frame 854/1144
  ████████████████░░░░░░░░░  66%  Streaming frame 855/1144
  ████████████████░░░░░░░░░  66%  Streaming frame 856/1144
  ████████████████░░░░░░░░░  66%  Streaming frame 857/1144
  ████████████████░░░░░░░░░  66%  Streaming frame 858/1144
  ████████████████░░░░░░░░░  66%  Streaming frame 859/1144
  ████████████████░░░░░░░░░  66%  Streaming frame 860/1144
  ████████████████░░░░░░░░░  66%  Streaming frame 861/1144
  ████████████████░░░░░░░░░  66%  Streaming frame 862/1144
  ████████████████░░░░░░░░░  66%  Streaming frame 863/1144
  ████████████████░░░░░░░░░  67%  Streaming frame 864/1144
  ████████████████░░░░░░░░░  67%  Streaming frame 865/1144
  ████████████████░░░░░░░░░  67%  Streaming frame 866/1144
  ████████████████░░░░░░░░░  67%  Streaming frame 867/1144
  ████████████████░░░░░░░░░  67%  Streaming frame 868/1144
  ████████████████░░░░░░░░░  67%  Streaming frame 869/1144
  ████████████████░░░░░░░░░  67%  Streaming frame 870/1144
  ████████████████░░░░░░░░░  67%  Streaming frame 871/1144
  ████████████████░░░░░░░░░  67%  Streaming frame 872/1144
  ████████████████░░░░░░░░░  67%  Streaming frame 873/1144
  ████████████████░░░░░░░░░  67%  Streaming frame 874/1144
  ████████████████░░░░░░░░░  67%  Streaming frame 875/1144
  ████████████████░░░░░░░░░  67%  Streaming frame 876/1144
  ████████████████░░░░░░░░░  67%  Streaming frame 877/1144
  ████████████████░░░░░░░░░  67%  Streaming frame 878/1144
  ████████████████░░░░░░░░░  67%  Streaming frame 879/1144
  ████████████████░░░░░░░░░  67%  Streaming frame 880/1144
  ████████████████░░░░░░░░░  67%  Streaming frame 881/1144
  ████████████████░░░░░░░░░  67%  Streaming frame 882/1144
  ████████████████░░░░░░░░░  67%  Streaming frame 883/1144
  █████████████████░░░░░░░░  68%  Streaming frame 884/1144
  █████████████████░░░░░░░░  68%  Streaming frame 885/1144
  █████████████████░░░░░░░░  68%  Streaming frame 886/1144
  █████████████████░░░░░░░░  68%  Streaming frame 887/1144
  █████████████████░░░░░░░░  68%  Streaming frame 888/1144
  █████████████████░░░░░░░░  68%  Streaming frame 889/1144
  █████████████████░░░░░░░░  68%  Streaming frame 890/1144
  █████████████████░░░░░░░░  68%  Streaming frame 891/1144
  █████████████████░░░░░░░░  68%  Streaming frame 892/1144
  █████████████████░░░░░░░░  68%  Streaming frame 893/1144
  █████████████████░░░░░░░░  68%  Streaming frame 894/1144
  █████████████████░░░░░░░░  68%  Streaming frame 895/1144
  █████████████████░░░░░░░░  68%  Streaming frame 896/1144
  █████████████████░░░░░░░░  68%  Streaming frame 897/1144
  █████████████████░░░░░░░░  68%  Streaming frame 898/1144
  █████████████████░░░░░░░░  68%  Streaming frame 899/1144
  █████████████████░░░░░░░░  68%  Streaming frame 900/1144
  █████████████████░░░░░░░░  68%  Streaming frame 901/1144
  █████████████████░░░░░░░░  68%  Streaming frame 902/1144
  █████████████████░░░░░░░░  68%  Streaming frame 903/1144
  █████████████████░░░░░░░░  68%  Streaming frame 904/1144
  █████████████████░░░░░░░░  69%  Streaming frame 905/1144
  █████████████████░░░░░░░░  69%  Streaming frame 906/1144
  █████████████████░░░░░░░░  69%  Streaming frame 907/1144
  █████████████████░░░░░░░░  69%  Streaming frame 908/1144
  █████████████████░░░░░░░░  69%  Streaming frame 909/1144
  █████████████████░░░░░░░░  69%  Streaming frame 910/1144
  █████████████████░░░░░░░░  69%  Streaming frame 911/1144
  █████████████████░░░░░░░░  69%  Streaming frame 912/1144
  █████████████████░░░░░░░░  69%  Streaming frame 913/1144
  █████████████████░░░░░░░░  69%  Streaming frame 914/1144
  █████████████████░░░░░░░░  69%  Streaming frame 915/1144
  █████████████████░░░░░░░░  69%  Streaming frame 916/1144
  █████████████████░░░░░░░░  69%  Streaming frame 917/1144
  █████████████████░░░░░░░░  69%  Streaming frame 918/1144
  █████████████████░░░░░░░░  69%  Streaming frame 919/1144
  █████████████████░░░░░░░░  69%  Streaming frame 920/1144
  █████████████████░░░░░░░░  69%  Streaming frame 921/1144
  █████████████████░░░░░░░░  69%  Streaming frame 922/1144
  █████████████████░░░░░░░░  69%  Streaming frame 923/1144
  █████████████████░░░░░░░░  69%  Streaming frame 924/1144
  █████████████████░░░░░░░░  69%  Streaming frame 925/1144
  █████████████████░░░░░░░░  70%  Streaming frame 926/1144
  █████████████████░░░░░░░░  70%  Streaming frame 927/1144
  █████████████████░░░░░░░░  70%  Streaming frame 928/1144
  █████████████████░░░░░░░░  70%  Streaming frame 929/1144
  █████████████████░░░░░░░░  70%  Streaming frame 930/1144
  █████████████████░░░░░░░░  70%  Streaming frame 931/1144
  █████████████████░░░░░░░░  70%  Streaming frame 932/1144
  █████████████████░░░░░░░░  70%  Streaming frame 933/1144
  █████████████████░░░░░░░░  70%  Streaming frame 934/1144
  █████████████████░░░░░░░░  70%  Streaming frame 935/1144
  █████████████████░░░░░░░░  70%  Streaming frame 936/1144
  █████████████████░░░░░░░░  70%  Streaming frame 937/1144
  █████████████████░░░░░░░░  70%  Streaming frame 938/1144
  █████████████████░░░░░░░░  70%  Streaming frame 939/1144
  █████████████████░░░░░░░░  70%  Streaming frame 940/1144
  █████████████████░░░░░░░░  70%  Streaming frame 941/1144
  █████████████████░░░░░░░░  70%  Streaming frame 942/1144
  █████████████████░░░░░░░░  70%  Streaming frame 943/1144
  █████████████████░░░░░░░░  70%  Streaming frame 944/1144
  █████████████████░░░░░░░░  70%  Streaming frame 945/1144
  █████████████████░░░░░░░░  70%  Streaming frame 946/1144
  █████████████████░░░░░░░░  71%  Streaming frame 947/1144
  █████████████████░░░░░░░░  71%  Streaming frame 948/1144
  █████████████████░░░░░░░░  71%  Streaming frame 949/1144
  █████████████████░░░░░░░░  71%  Streaming frame 950/1144
  █████████████████░░░░░░░░  71%  Streaming frame 951/1144
  █████████████████░░░░░░░░  71%  Streaming frame 952/1144
  █████████████████░░░░░░░░  71%  Streaming frame 953/1144
  █████████████████░░░░░░░░  71%  Streaming frame 954/1144
  █████████████████░░░░░░░░  71%  Streaming frame 955/1144
  █████████████████░░░░░░░░  71%  Streaming frame 956/1144
  █████████████████░░░░░░░░  71%  Streaming frame 957/1144
  █████████████████░░░░░░░░  71%  Streaming frame 958/1144
  █████████████████░░░░░░░░  71%  Streaming frame 959/1144
  █████████████████░░░░░░░░  71%  Streaming frame 960/1144
  █████████████████░░░░░░░░  71%  Streaming frame 961/1144
  █████████████████░░░░░░░░  71%  Streaming frame 962/1144
  █████████████████░░░░░░░░  71%  Streaming frame 963/1144
  █████████████████░░░░░░░░  71%  Streaming frame 964/1144
  █████████████████░░░░░░░░  71%  Streaming frame 965/1144
  █████████████████░░░░░░░░  71%  Streaming frame 966/1144
  █████████████████░░░░░░░░  71%  Streaming frame 967/1144
  ██████████████████░░░░░░░  72%  Streaming frame 968/1144
  ██████████████████░░░░░░░  72%  Streaming frame 969/1144
  ██████████████████░░░░░░░  72%  Streaming frame 970/1144
  ██████████████████░░░░░░░  72%  Streaming frame 971/1144
  ██████████████████░░░░░░░  72%  Streaming frame 972/1144
  ██████████████████░░░░░░░  72%  Streaming frame 973/1144
  ██████████████████░░░░░░░  72%  Streaming frame 974/1144
  ██████████████████░░░░░░░  72%  Streaming frame 975/1144
  ██████████████████░░░░░░░  72%  Streaming frame 976/1144
  ██████████████████░░░░░░░  72%  Streaming frame 977/1144
  ██████████████████░░░░░░░  72%  Streaming frame 978/1144
  ██████████████████░░░░░░░  72%  Streaming frame 979/1144
  ██████████████████░░░░░░░  72%  Streaming frame 980/1144
  ██████████████████░░░░░░░  72%  Streaming frame 981/1144
  ██████████████████░░░░░░░  72%  Streaming frame 982/1144
  ██████████████████░░░░░░░  72%  Streaming frame 983/1144
  ██████████████████░░░░░░░  72%  Streaming frame 984/1144
  ██████████████████░░░░░░░  72%  Streaming frame 985/1144
  ██████████████████░░░░░░░  72%  Streaming frame 986/1144
  ██████████████████░░░░░░░  72%  Streaming frame 987/1144
  ██████████████████░░░░░░░  73%  Streaming frame 988/1144
  ██████████████████░░░░░░░  73%  Streaming frame 989/1144
  ██████████████████░░░░░░░  73%  Streaming frame 990/1144
  ██████████████████░░░░░░░  73%  Streaming frame 991/1144
  ██████████████████░░░░░░░  73%  Streaming frame 992/1144
  ██████████████████░░░░░░░  73%  Streaming frame 993/1144
  ██████████████████░░░░░░░  73%  Streaming frame 994/1144
  ██████████████████░░░░░░░  73%  Streaming frame 995/1144
  ██████████████████░░░░░░░  73%  Streaming frame 996/1144
  ██████████████████░░░░░░░  73%  Streaming frame 997/1144
  ██████████████████░░░░░░░  73%  Streaming frame 998/1144
  ██████████████████░░░░░░░  73%  Streaming frame 999/1144
  ██████████████████░░░░░░░  73%  Streaming frame 1000/1144
  ██████████████████░░░░░░░  73%  Streaming frame 1001/1144
  ██████████████████░░░░░░░  73%  Streaming frame 1002/1144
  ██████████████████░░░░░░░  73%  Streaming frame 1003/1144
  ██████████████████░░░░░░░  73%  Streaming frame 1004/1144
  ██████████████████░░░░░░░  73%  Streaming frame 1005/1144
  ██████████████████░░░░░░░  73%  Streaming frame 1006/1144
  ██████████████████░░░░░░░  73%  Streaming frame 1007/1144
  ██████████████████░░░░░░░  73%  Streaming frame 1008/1144
  ██████████████████░░░░░░░  74%  Streaming frame 1009/1144
  ██████████████████░░░░░░░  74%  Streaming frame 1010/1144
  ██████████████████░░░░░░░  74%  Streaming frame 1011/1144
  ██████████████████░░░░░░░  74%  Streaming frame 1012/1144
  ██████████████████░░░░░░░  74%  Streaming frame 1013/1144
  ██████████████████░░░░░░░  74%  Streaming frame 1014/1144
  ██████████████████░░░░░░░  74%  Streaming frame 1015/1144
  ██████████████████░░░░░░░  74%  Streaming frame 1016/1144
  ██████████████████░░░░░░░  74%  Streaming frame 1017/1144
  ██████████████████░░░░░░░  74%  Streaming frame 1018/1144
  ██████████████████░░░░░░░  74%  Streaming frame 1019/1144
  ██████████████████░░░░░░░  74%  Streaming frame 1020/1144
  ██████████████████░░░░░░░  74%  Streaming frame 1021/1144
  ██████████████████░░░░░░░  74%  Streaming frame 1022/1144
  ██████████████████░░░░░░░  74%  Streaming frame 1023/1144
  ██████████████████░░░░░░░  74%  Streaming frame 1024/1144
  ██████████████████░░░░░░░  74%  Streaming frame 1025/1144
  ██████████████████░░░░░░░  74%  Streaming frame 1026/1144
  ██████████████████░░░░░░░  74%  Streaming frame 1027/1144
  ██████████████████░░░░░░░  74%  Streaming frame 1028/1144
  ██████████████████░░░░░░░  74%  Streaming frame 1029/1144
  ██████████████████░░░░░░░  75%  Streaming frame 1030/1144
  ██████████████████░░░░░░░  75%  Streaming frame 1031/1144
  ██████████████████░░░░░░░  75%  Streaming frame 1032/1144
  ██████████████████░░░░░░░  75%  Streaming frame 1033/1144
  ██████████████████░░░░░░░  75%  Streaming frame 1034/1144
  ██████████████████░░░░░░░  75%  Streaming frame 1035/1144
  ██████████████████░░░░░░░  75%  Streaming frame 1036/1144
  ██████████████████░░░░░░░  75%  Streaming frame 1037/1144
  ██████████████████░░░░░░░  75%  Streaming frame 1038/1144
  ██████████████████░░░░░░░  75%  Streaming frame 1039/1144
  ██████████████████░░░░░░░  75%  Streaming frame 1040/1144
  ██████████████████░░░░░░░  75%  Streaming frame 1041/1144
  ██████████████████░░░░░░░  75%  Streaming frame 1042/1144
  ██████████████████░░░░░░░  75%  Streaming frame 1043/1144
  ██████████████████░░░░░░░  75%  Streaming frame 1044/1144
  ██████████████████░░░░░░░  75%  Streaming frame 1045/1144
  ██████████████████░░░░░░░  75%  Streaming frame 1046/1144
  ██████████████████░░░░░░░  75%  Streaming frame 1047/1144
  ██████████████████░░░░░░░  75%  Streaming frame 1048/1144
  ██████████████████░░░░░░░  75%  Streaming frame 1049/1144
  ██████████████████░░░░░░░  75%  Streaming frame 1050/1144
  ███████████████████░░░░░░  76%  Streaming frame 1051/1144
  ███████████████████░░░░░░  76%  Streaming frame 1052/1144
  ███████████████████░░░░░░  76%  Streaming frame 1053/1144
  ███████████████████░░░░░░  76%  Streaming frame 1054/1144
  ███████████████████░░░░░░  76%  Streaming frame 1055/1144
  ███████████████████░░░░░░  76%  Streaming frame 1056/1144
  ███████████████████░░░░░░  76%  Streaming frame 1057/1144
  ███████████████████░░░░░░  76%  Streaming frame 1058/1144
[INFO] [Render:trace] {"renderJobId":"863417b6-3bfd-4d37-92c8-6ccfdea94c1a","phase":"capture_streaming","status":"checkpoint","elapsedMs":63228,"message":"stage still running","stagePhase":"capturing","workerCount":1,"forceScreenshot":false,"totalFrames":1144,"framesCompleted":1058,"captureMode":"drawelement","captureOperation":"drawElement","heartbeatIndex":2,"stageElapsedMs":60004}
  ███████████████████░░░░░░  76%  Streaming frame 1059/1144
  ███████████████████░░░░░░  76%  Streaming frame 1060/1144
  ███████████████████░░░░░░  76%  Streaming frame 1061/1144
  ███████████████████░░░░░░  76%  Streaming frame 1062/1144
  ███████████████████░░░░░░  76%  Streaming frame 1063/1144
  ███████████████████░░░░░░  76%  Streaming frame 1064/1144
  ███████████████████░░░░░░  76%  Streaming frame 1065/1144
  ███████████████████░░░░░░  76%  Streaming frame 1066/1144
  ███████████████████░░░░░░  76%  Streaming frame 1067/1144
  ███████████████████░░░░░░  76%  Streaming frame 1068/1144
  ███████████████████░░░░░░  76%  Streaming frame 1069/1144
  ███████████████████░░░░░░  76%  Streaming frame 1070/1144
  ███████████████████░░░░░░  76%  Streaming frame 1071/1144
  ███████████████████░░░░░░  77%  Streaming frame 1072/1144
  ███████████████████░░░░░░  77%  Streaming frame 1073/1144
  ███████████████████░░░░░░  77%  Streaming frame 1074/1144
  ███████████████████░░░░░░  77%  Streaming frame 1075/1144
  ███████████████████░░░░░░  77%  Streaming frame 1076/1144
  ███████████████████░░░░░░  77%  Streaming frame 1077/1144
  ███████████████████░░░░░░  77%  Streaming frame 1078/1144
  ███████████████████░░░░░░  77%  Streaming frame 1079/1144
  ███████████████████░░░░░░  77%  Streaming frame 1080/1144
  ███████████████████░░░░░░  77%  Streaming frame 1081/1144
  ███████████████████░░░░░░  77%  Streaming frame 1082/1144
  ███████████████████░░░░░░  77%  Streaming frame 1083/1144
  ███████████████████░░░░░░  77%  Streaming frame 1084/1144
  ███████████████████░░░░░░  77%  Streaming frame 1085/1144
  ███████████████████░░░░░░  77%  Streaming frame 1086/1144
  ███████████████████░░░░░░  77%  Streaming frame 1087/1144
  ███████████████████░░░░░░  77%  Streaming frame 1088/1144
  ███████████████████░░░░░░  77%  Streaming frame 1089/1144
  ███████████████████░░░░░░  77%  Streaming frame 1090/1144
  ███████████████████░░░░░░  77%  Streaming frame 1091/1144
  ███████████████████░░░░░░  78%  Streaming frame 1092/1144
  ███████████████████░░░░░░  78%  Streaming frame 1093/1144
  ███████████████████░░░░░░  78%  Streaming frame 1094/1144
  ███████████████████░░░░░░  78%  Streaming frame 1095/1144
  ███████████████████░░░░░░  78%  Streaming frame 1096/1144
  ███████████████████░░░░░░  78%  Streaming frame 1097/1144
  ███████████████████░░░░░░  78%  Streaming frame 1098/1144
  ███████████████████░░░░░░  78%  Streaming frame 1099/1144
  ███████████████████░░░░░░  78%  Streaming frame 1100/1144
  ███████████████████░░░░░░  78%  Streaming frame 1101/1144
  ███████████████████░░░░░░  78%  Streaming frame 1102/1144
  ███████████████████░░░░░░  78%  Streaming frame 1103/1144
  ███████████████████░░░░░░  78%  Streaming frame 1104/1144
  ███████████████████░░░░░░  78%  Streaming frame 1105/1144
  ███████████████████░░░░░░  78%  Streaming frame 1106/1144
  ███████████████████░░░░░░  78%  Streaming frame 1107/1144
  ███████████████████░░░░░░  78%  Streaming frame 1108/1144
  ███████████████████░░░░░░  78%  Streaming frame 1109/1144
  ███████████████████░░░░░░  78%  Streaming frame 1110/1144
  ███████████████████░░░░░░  78%  Streaming frame 1111/1144
  ███████████████████░░░░░░  78%  Streaming frame 1112/1144
  ███████████████████░░░░░░  79%  Streaming frame 1113/1144
  ███████████████████░░░░░░  79%  Streaming frame 1114/1144
  ███████████████████░░░░░░  79%  Streaming frame 1115/1144
  ███████████████████░░░░░░  79%  Streaming frame 1116/1144
  ███████████████████░░░░░░  79%  Streaming frame 1117/1144
  ███████████████████░░░░░░  79%  Streaming frame 1118/1144
  ███████████████████░░░░░░  79%  Streaming frame 1119/1144
  ███████████████████░░░░░░  79%  Streaming frame 1120/1144
  ███████████████████░░░░░░  79%  Streaming frame 1121/1144
  ███████████████████░░░░░░  79%  Streaming frame 1122/1144
  ███████████████████░░░░░░  79%  Streaming frame 1123/1144
  ███████████████████░░░░░░  79%  Streaming frame 1124/1144
  ███████████████████░░░░░░  79%  Streaming frame 1125/1144
  ███████████████████░░░░░░  79%  Streaming frame 1126/1144
  ███████████████████░░░░░░  79%  Streaming frame 1127/1144
  ███████████████████░░░░░░  79%  Streaming frame 1128/1144
  ███████████████████░░░░░░  79%  Streaming frame 1129/1144
  ███████████████████░░░░░░  79%  Streaming frame 1130/1144
  ███████████████████░░░░░░  79%  Streaming frame 1131/1144
  ███████████████████░░░░░░  79%  Streaming frame 1132/1144
  ███████████████████░░░░░░  79%  Streaming frame 1133/1144
  ████████████████████░░░░░  80%  Streaming frame 1134/1144
  ████████████████████░░░░░  80%  Streaming frame 1135/1144
  ████████████████████░░░░░  80%  Streaming frame 1136/1144
  ████████████████████░░░░░  80%  Streaming frame 1137/1144
  ████████████████████░░░░░  80%  Streaming frame 1138/1144
  ████████████████████░░░░░  80%  Streaming frame 1139/1144
  ████████████████████░░░░░  80%  Streaming frame 1140/1144
  ████████████████████░░░░░  80%  Streaming frame 1141/1144
  ████████████████████░░░░░  80%  Streaming frame 1142/1144
  ████████████████████░░░░░  80%  Streaming frame 1143/1144
  ████████████████████░░░░░  80%  Streaming frame 1144/1144
[INFO] [Render:trace] {"renderJobId":"863417b6-3bfd-4d37-92c8-6ccfdea94c1a","phase":"capture_streaming","status":"end","elapsedMs":69496,"durationMs":66272,"stagePhase":"capturing","workerCount":1,"forceScreenshot":false,"totalFrames":1144,"framesCompleted":1144,"captureMode":"drawelement","captureOperation":"encode"}
[INFO] [Render:trace] {"renderJobId":"863417b6-3bfd-4d37-92c8-6ccfdea94c1a","phase":"assemble","status":"start","elapsedMs":69496,"stagePhase":"capturing","hasAudio":true,"workerCount":1,"forceScreenshot":false,"totalFrames":1144,"framesCompleted":1144,"captureMode":"drawelement","captureOperation":"encode"}
  ██████████████████████░░░  90%  Assembling final video
[INFO] [Render:trace] {"renderJobId":"863417b6-3bfd-4d37-92c8-6ccfdea94c1a","phase":"assemble","status":"end","elapsedMs":70989,"durationMs":1493,"stagePhase":"capturing","hasAudio":true,"workerCount":1,"forceScreenshot":false,"totalFrames":1144,"framesCompleted":1144,"captureMode":"drawelement","captureOperation":"encode"}
[INFO] [Render:trace] {"renderJobId":"863417b6-3bfd-4d37-92c8-6ccfdea94c1a","phase":"pipeline","status":"checkpoint","elapsedMs":71027,"message":"artifact validated","totalElapsedMs":71021}
  █████████████████████████  100%  Render complete

◇  /Users/yar/IdeaProjects/yarmalik.com/videos/voho-claims-reel/renders/voho-claims-reel_2026-10-04_02-00-32.mp4
   32.9 MB · 38.1s video · rendered in 1m 11.0s
   screenshot capture · hardware gpu · compile 1.7s · extract 0.2s · audio 1.0s · probe 0.2s · setup 0.3s · capture 1m 6.3s · encode (during capture) 1m 6.3s · assemble 1.5s
